Component: Arm Compiler for Embedded 6.19 Tool: armlink [5e73cb00]

==============================================================================

Section Cross References

    appmain5.o(.text._Z4Mainv) refers to dflt_clz.o(x$fpl$dflt) for __aeabi_i2d
    appmain5.o(.text._Z4Mainv) refers to dmul.o(x$fpl$dmul) for __aeabi_dmul
    appmain5.o(.text._Z4Mainv) refers to ddiv.o(x$fpl$ddiv) for __aeabi_ddiv
    appmain5.o(.text._Z4Mainv) refers to sin.o(i.sin) for sin
    appmain5.o(.text._Z4Mainv) refers to dfix.o(x$fpl$dfix) for __aeabi_d2iz
    appmain5.o(.text._Z4Mainv) refers to appmain5.o(.bss.SineTable) for SineTable
    appmain5.o(.text._Z4Mainv) refers to appmain5.o(.bss.OutputTable) for OutputTable
    appmain5.o(.text._Z4Mainv) refers to rt_memclr.o(.text) for __aeabi_memclr
    appmain5.o(.text._Z4Mainv) refers to rt_memcpy_v6.o(.text) for __aeabi_memcpy
    appmain5.o(.text._Z4Mainv) refers to appmain5.o(.text._Z9GPIO_Initv) for GPIO_Init()
    appmain5.o(.text._Z4Mainv) refers to appmain5.o(.text._Z18DMA1_Channel5_Initv) for DMA1_Channel5_Init()
    appmain5.o(.text._Z4Mainv) refers to appmain5.o(.text._Z18DMA1_Channel7_Initv) for DMA1_Channel7_Init()
    appmain5.o(.text._Z4Mainv) refers to appmain5.o(.text._Z10init_timerP11TIM_TypeDef) for init_timer(TIM_TypeDef*)
    appmain5.o(.ARM.exidx.text._Z4Mainv) refers to appmain5.o(.text._Z4Mainv) for [Anonymous Symbol]
    appmain5.o(.ARM.exidx.text._Z9GPIO_Initv) refers to appmain5.o(.text._Z9GPIO_Initv) for [Anonymous Symbol]
    appmain5.o(.text._Z18DMA1_Channel5_Initv) refers to appmain5.o(.bss.OutputTable) for OutputTable
    appmain5.o(.text._Z18DMA1_Channel5_Initv) refers to appmain5.o(.text._ZL16__NVIC_EnableIRQ4IRQn) for __NVIC_EnableIRQ(IRQn)
    appmain5.o(.ARM.exidx.text._Z18DMA1_Channel5_Initv) refers to appmain5.o(.text._Z18DMA1_Channel5_Initv) for [Anonymous Symbol]
    appmain5.o(.text._Z18DMA1_Channel7_Initv) refers to appmain5.o(.bss.OutputTable) for OutputTable
    appmain5.o(.text._Z18DMA1_Channel7_Initv) refers to appmain5.o(.text._ZL16__NVIC_EnableIRQ4IRQn) for __NVIC_EnableIRQ(IRQn)
    appmain5.o(.ARM.exidx.text._Z18DMA1_Channel7_Initv) refers to appmain5.o(.text._Z18DMA1_Channel7_Initv) for [Anonymous Symbol]
    appmain5.o(.ARM.exidx.text._Z10init_timerP11TIM_TypeDef) refers to appmain5.o(.text._Z10init_timerP11TIM_TypeDef) for [Anonymous Symbol]
    appmain5.o(.ARM.exidx.text.stdout_putchar) refers to appmain5.o(.text.stdout_putchar) for [Anonymous Symbol]
    appmain5.o(.ARM.exidx.text._ZL16__NVIC_EnableIRQ4IRQn) refers to appmain5.o(.text._ZL16__NVIC_EnableIRQ4IRQn) for [Anonymous Symbol]
    appmain5.o(.ARM.exidx.text.TIM2_IRQHandler) refers to appmain5.o(.text.TIM2_IRQHandler) for [Anonymous Symbol]
    appmain5.o(.text.DMA1_Channel5_IRQHandler) refers to appmain5.o(.bss.SineTable) for SineTable
    appmain5.o(.text.DMA1_Channel5_IRQHandler) refers to appmain5.o(.bss.OutputTable) for OutputTable
    appmain5.o(.ARM.exidx.text.DMA1_Channel5_IRQHandler) refers to appmain5.o(.text.DMA1_Channel5_IRQHandler) for [Anonymous Symbol]
    appmain5.o(.text.DMA1_Channel7_IRQHandler) refers to appmain5.o(.bss.SineTable) for SineTable
    appmain5.o(.text.DMA1_Channel7_IRQHandler) refers to appmain5.o(.bss.OutputTable) for OutputTable
    appmain5.o(.ARM.exidx.text.DMA1_Channel7_IRQHandler) refers to appmain5.o(.text.DMA1_Channel7_IRQHandler) for [Anonymous Symbol]
    appmain5.o(.text.SysTick_Handler) refers to appmain5.o(.bss.systick) for systick
    appmain5.o(.ARM.exidx.text.SysTick_Handler) refers to appmain5.o(.text.SysTick_Handler) for [Anonymous Symbol]
    main.o(.text.main) refers to system_stm32f10x.o(.text.SystemCoreClockUpdate) for SystemCoreClockUpdate
    main.o(.text.main) refers to system_stm32f10x.o(.data.SystemCoreClock) for SystemCoreClock
    main.o(.text.main) refers to main.o(.text._ZL14SysTick_Configj) for SysTick_Config(unsigned int)
    main.o(.text.main) refers to main.o(.rodata.str1.1) for .L.str
    main.o(.text.main) refers to printf.o(.text) for printf
    main.o(.text.main) refers to appmain5.o(.text._Z4Mainv) for Main()
    main.o(.ARM.exidx.text.main) refers to main.o(.text.main) for [Anonymous Symbol]
    main.o(.text._ZL14SysTick_Configj) refers to main.o(.text._ZL18__NVIC_SetPriority4IRQnj) for __NVIC_SetPriority(IRQn, unsigned int)
    main.o(.ARM.exidx.text._ZL14SysTick_Configj) refers to main.o(.text._ZL14SysTick_Configj) for [Anonymous Symbol]
    main.o(.ARM.exidx.text._ZL18__NVIC_SetPriority4IRQnj) refers to main.o(.text._ZL18__NVIC_SetPriority4IRQnj) for [Anonymous Symbol]
    retarget_io.o(.ARM.exidx.text.ITM_SendChar) refers to retarget_io.o(.text.ITM_SendChar) for [Anonymous Symbol]
    retarget_io.o(.text.ITM_ReceiveChar) refers to retarget_io.o(.data.ITM_RxBuffer) for ITM_RxBuffer
    retarget_io.o(.ARM.exidx.text.ITM_ReceiveChar) refers to retarget_io.o(.text.ITM_ReceiveChar) for [Anonymous Symbol]
    retarget_io.o(.text._sys_open) refers to retarget_io.o(.rodata.str1.1) for .L.str
[...]
    .text                                    0x0800147c   Section       74  sys_stackheap_outer.o(.text)
    .text                                    0x080014c8   Section       16  rt_ctype_table.o(.text)
    .text                                    0x080014d8   Section        8  rt_locale_intlibspace.o(.text)
    .text                                    0x080014e0   Section        0  h1_free.o(.text)
    .text                                    0x08001530   Section        0  _printf_fp_infnan.o(.text)
    .text                                    0x080015b0   Section        0  bigflt0.o(.text)
    .text                                    0x08001694   Section        0  flsbuf.o(.text)
    .text                                    0x08001876   Section        0  setvbuf.o(.text)
    _freopen_locked                          0x080018bd   Thumb Code     0  fopen.o(.text)
    .text                                    0x080018bc   Section        0  fopen.o(.text)
    .text                                    0x080019ac   Section        0  fclose.o(.text)
    .text                                    0x080019f8   Section        0  exit.o(.text)
    .text                                    0x08001a0a   Section        0  defsig_rtred_outer.o(.text)
    .text                                    0x08001a18   Section        8  rt_heap_descriptor_intlibspace.o(.text)
    .text                                    0x08001a20   Section        0  hguard.o(.text)
    .text                                    0x08001a24   Section        0  init_alloc.o(.text)
    .text                                    0x08001aae   Section        0  h1_alloc.o(.text)
    .text                                    0x08001b0c   Section        0  fseek.o(.text)
    .text                                    0x08001c04   Section        0  stdio.o(.text)
    .text                                    0x08001d0c   Section        0  defsig_exit.o(.text)
    .text                                    0x08001d18   Section        0  defsig_rtred_inner.o(.text)
    .text                                    0x08001d4c   Section        0  sys_exit.o(.text)
    .text                                    0x08001d58   Section        0  maybetermalloc1.o(.text)
    .text                                    0x08001d58   Section        0  h1_init.o(.text)
    .text                                    0x08001d66   Section        0  h1_extend.o(.text)
    .text                                    0x08001d9a   Section        0  ftell.o(.text)
    .text                                    0x08001ddc   Section        0  defsig_general.o(.text)
    .text                                    0x08001e0e   Section        0  defsig_rtmem_outer.o(.text)
    .text                                    0x08001e1c   Section        0  sys_wrch.o(.text)
    .text                                    0x08001e2a   Section        2  use_no_semi.o(.text)
    .text                                    0x08001e2c   Section        0  indicate_semi.o(.text)
    .text                                    0x08001e2c   Section        0  defsig_rtmem_inner.o(.text)
    [Anonymous Symbol]                       0x08001e7c   Section        0  appmain5.o(.text.DMA1_Channel5_IRQHandler)
    [Anonymous Symbol]                       0x08001ed4   Section        0  appmain5.o(.text.DMA1_Channel7_IRQHandler)
    [Anonymous Symbol]                       0x08001f30   Section        0  retarget_io.o(.text.ITM_SendChar)
    SetSysClock                              0x08001f75   Thumb Code     8  system_stm32f10x.o(.text.SetSysClock)
    [Anonymous Symbol]                       0x08001f74   Section        0  system_stm32f10x.o(.text.SetSysClock)
    SetSysClockTo72                          0x08001f7d   Thumb Code   290  system_stm32f10x.o(.text.SetSysClockTo72)
    [Anonymous Symbol]                       0x08001f7c   Section        0  system_stm32f10x.o(.text.SetSysClockTo72)
    [Anonymous Symbol]                       0x080020a0   Section        0  appmain5.o(.text.SysTick_Handler)
    [Anonymous Symbol]                       0x080020b0   Section        0  system_stm32f10x.o(.text.SystemCoreClockUpdate)
    [Anonymous Symbol]                       0x080021d4   Section        0  system_stm32f10x.o(.text.SystemInit)
    [Anonymous Symbol]                       0x0800223c   Section        0  appmain5.o(.text.TIM2_IRQHandler)
    [Anonymous Symbol]                       0x08002240   Section        0  appmain5.o(.text._Z10init_timerP11TIM_TypeDef)
    [Anonymous Symbol]                       0x080022b4   Section        0  appmain5.o(.text._Z18DMA1_Channel5_Initv)
    [Anonymous Symbol]                       0x08002308   Section        0  appmain5.o(.text._Z18DMA1_Channel7_Initv)
    [Anonymous Symbol]                       0x0800235c   Section        0  appmain5.o(.text._Z4Mainv)
    [Anonymous Symbol]                       0x08002414   Section        0  appmain5.o(.text._Z9GPIO_Initv)
    SysTick_Config(unsigned int)             0x08002445   Thumb Code    82  main.o(.text._ZL14SysTick_Configj)
    [Anonymous Symbol]                       0x08002444   Section        0  main.o(.text._ZL14SysTick_Configj)
    __NVIC_EnableIRQ(IRQn)                   0x08002499   Thumb Code    48  appmain5.o(.text._ZL16__NVIC_EnableIRQ4IRQn)
    [Anonymous Symbol]                       0x08002498   Section        0  appmain5.o(.text._ZL16__NVIC_EnableIRQ4IRQn)
    __NVIC_SetPriority(IRQn, unsigned int)   0x080024c9   Thumb Code    66  main.o(.text._ZL18__NVIC_SetPriority4IRQnj)
    [Anonymous Symbol]                       0x080024c8   Section        0  main.o(.text._ZL18__NVIC_SetPriority4IRQnj)
    [Anonymous Symbol]                       0x0800250c   Section        0  retarget_io.o(.text._sys_close)
    [Anonymous Symbol]                       0x08002558   Section        0  retarget_io.o(.text._sys_flen)
    [Anonymous Symbol]                       0x080025a4   Section        0  retarget_io.o(.text._sys_istty)
    [Anonymous Symbol]                       0x080025ec   Section        0  retarget_io.o(.text._sys_open)
    [Anonymous Symbol]                       0x08002670   Section        0  retarget_io.o(.text._sys_seek)
    [Anonymous Symbol]                       0x080026c4   Section        0  retarget_io.o(.text._sys_write)
    [Anonymous Symbol]                       0x0800275c   Section        0  main.o(.text.main)
    stderr_putchar                           0x080027a1   Thumb Code    16  retarget_io.o(.text.stderr_putchar)
    [Anonymous Symbol]                       0x080027a0   Section        0  retarget_io.o(.text.stderr_putchar)
    stdout_putchar                           0x080027b1   Thumb Code    16  retarget_io.o(.text.stdout_putchar)
    [Anonymous Symbol]                       0x080027b0   Section        0  retarget_io.o(.text.stdout_putchar)
    CL$$btod_d2e                             0x080027c0   Section       62  btod.o(CL$$btod_d2e)
    CL$$btod_d2e_denorm_low                  0x080027fe   Section       70  btod.o(CL$$btod_d2e_denorm_low)
    CL$$btod_d2e_norm_op1                    0x08002844   Section       96  btod.o(CL$$btod_d2e_norm_op1)
    CL$$btod_div_common                      0x080028a4   Section      824  btod.o(CL$$btod_div_common)
    CL$$btod_e2e                             0x08002bdc   Section      220  btod.o(CL$$btod_e2e)
    CL$$btod_ediv                            0x08002cb8   Section       42  btod.o(CL$$btod_ediv)
    CL$$btod_emul                            0x08002ce2   Section       42  btod.o(CL$$btod_emul)
    CL$$btod_mult_common                     0x08002d0c   Section      580  btod.o(CL$$btod_mult_common)
    i.__ARM_fpclassify                       0x08002f50   Section        0  fpclassify.o(i.__ARM_fpclassify)
    i.__ieee754_rem_pio2                     0x08002f78   Section        0  rred.o(i.__ieee754_rem_pio2)
    i.__kernel_cos                           0x08003300   Section        0  cos_i.o(i.__kernel_cos)
    i.__kernel_poly                          0x080033fc   Section        0  poly.o(i.__kernel_poly)
    i.__kernel_sin                           0x080034a8   Section        0  sin_i.o(i.__kernel_sin)
    i.__mathlib_dbl_infnan                   0x08003594   Section        0  dunder.o(i.__mathlib_dbl_infnan)
    i.__mathlib_dbl_invalid                  0x0800359a   Section        0  dunder.o(i.__mathlib_dbl_invalid)
    i.__mathlib_dbl_underflow                0x080035a8   Section        0  dunder.o(i.__mathlib_dbl_underflow)
    i._is_digit                              0x080035b8   Section        0  __printf_wp.o(i._is_digit)
    i.fputc                                  0x080035c6   Section        0  fputc.o(i.fputc)
    i.sin                                    0x080035e4   Section        0  sin.o(i.sin)
    locale$$code                             0x08003684   Section       44  lc_numeric_c.o(locale$$code)
    locale$$code                             0x080036b0   Section       44  lc_ctype_c.o(locale$$code)
    x$fpl$dadd                               0x080036dc   Section      336  daddsub_clz.o(x$fpl$dadd)
    _dadd1                                   0x080036ed   Thumb Code     0  daddsub_clz.o(x$fpl$dadd)
    x$fpl$dcheck1                            0x0800382c   Section       16  dcheck1.o(x$fpl$dcheck1)
    x$fpl$ddiv                               0x0800383c   Section      692  ddiv.o(x$fpl$ddiv)
    ddiv_entry                               0x08003843   Thumb Code     0  ddiv.o(x$fpl$ddiv)
    x$fpl$dfix                               0x08003af0   Section       94  dfix.o(x$fpl$dfix)
    x$fpl$dflt                               0x08003b4e   Section       46  dflt_clz.o(x$fpl$dflt)
    x$fpl$dfltu                              0x08003b7c   Section       38  dflt_clz.o(x$fpl$dfltu)
    x$fpl$dmul                               0x08003ba4   Section      340  dmul.o(x$fpl$dmul)
    x$fpl$dnaninf                            0x08003cf8   Section      156  dnaninf.o(x$fpl$dnaninf)
    x$fpl$dretinf                            0x08003d94   Section       12  dretinf.o(x$fpl$dretinf)
    x$fpl$drsb                               0x08003da0   Section       22  daddsub_clz.o(x$fpl$drsb)
    x$fpl$dsub                               0x08003db8   Section      476  daddsub_clz.o(x$fpl$dsub)
    _dsub1                                   0x08003dc9   Thumb Code     0  daddsub_clz.o(x$fpl$dsub)
    x$fpl$printf1                            0x08003f94   Section        4  printf1.o(x$fpl$printf1)
    x$fpl$printf2                            0x08003f98   Section        4  printf2.o(x$fpl$printf2)
    x$fpl$retnan                             0x08003f9c   Section      100  retnan.o(x$fpl$retnan)
    x$fpl$scalbn                             0x08004000   Section       92  scalbn.o(x$fpl$scalbn)
    x$fpl$trapveneer                         0x0800405c   Section       48  trapv.o(x$fpl$trapveneer)
    initial_mbstate                          0x0800408c   Data           8  _printf_wctomb.o(.constdata)
    .constdata                               0x0800408c   Section        8  _printf_wctomb.o(.constdata)
    x$fpl$usenofp                            0x0800408c   Section        0  usenofp.o(x$fpl$usenofp)
    uc_hextab                                0x08004094   Data          20  _printf_hex_int_ll_ptr.o(.constdata)
    .constdata                               0x08004094   Section       40  _printf_hex_int_ll_ptr.o(.constdata)
    lc_hextab                                0x080040a8   Data          20  _printf_hex_int_ll_ptr.o(.constdata)
    maptable                                 0x080040bc   Data          17  __printf_flags_ss_wp.o(.constdata)
    .constdata                               0x080040bc   Section       17  __printf_flags_ss_wp.o(.constdata)
    C                                        0x080040d0   Data          48  cos_i.o(.constdata)
    .constdata                               0x080040d0   Section       48  cos_i.o(.constdata)
    pio2s                                    0x08004100   Data          48  rred.o(.constdata)
    .constdata                               0x08004100   Section      204  rred.o(.constdata)
    twooverpi                                0x08004130   Data         156  rred.o(.constdata)
    S                                        0x080041d0   Data          40  sin_i.o(.constdata)
    .constdata                               0x080041d0   Section       40  sin_i.o(.constdata)
    lc_hextab                                0x080041f8   Data          19  _printf_fp_hex.o(.constdata)
    .constdata                               0x080041f8   Section       38  _printf_fp_hex.o(.constdata)
    uc_hextab                                0x0800420b   Data          19  _printf_fp_hex.o(.constdata)
    tenpwrs_x                                0x08004220   Data          60  bigflt0.o(.constdata)
    .constdata                               0x08004220   Section      148  bigflt0.o(.constdata)
    tenpwrs_i                                0x0800425c   Data          64  bigflt0.o(.constdata)
    .L.str                                   0x080042db   Data          23  main.o(.rodata.str1.1)
    [Anonymous Symbol]                       0x080042db   Section        0  main.o(.rodata.str1.1)
    .L.str                                   0x080042f2   Data           7  retarget_io.o(.rodata.str1.1)
    [Anonymous Symbol]                       0x080042f2   Section        0  retarget_io.o(.rodata.str1.1)
    .L.str.2                                 0x080042f9   Data           8  retarget_io.o(.rodata.str1.1)
    .L.str.1                                 0x08004301   Data           8  retarget_io.o(.rodata.str1.1)
    locale$$data                             0x0800432c   Section       28  lc_numeric_c.o(locale$$data)
    __lcnum_c_name                           0x08004330   Data           2  lc_numeric_c.o(locale$$data)
    __lcnum_c_start                          0x08004338   Data           0  lc_numeric_c.o(locale$$data)
    __lcnum_c_point                          0x08004344   Data           0  lc_numeric_c.o(locale$$data)
    __lcnum_c_thousands                      0x08004346   Data           0  lc_numeric_c.o(locale$$data)
    __lcnum_c_grouping                       0x08004347   Data           0  lc_numeric_c.o(locale$$data)
    __lcnum_c_end                            0x08004348   Data           0  lc_numeric_c.o(locale$$data)
    locale$$data                             0x08004348   Section      272  lc_ctype_c.o(locale$$data)
    __lcctype_c_name                         0x0800434c   Data           2  lc_ctype_c.o(locale$$data)
    __lcctype_c_start                        0x08004354   Data           0  lc_ctype_c.o(locale$$data)
    __lcctype_c_end                          0x08004458   Data           0  lc_ctype_c.o(locale$$data)
    .data                                    0x20000000   Section        4  stdio_streams.o(.data)
    .data                                    0x20000004   Section        4  stdio_streams.o(.data)
    .data                                    0x20000008   Section        4  stdio_streams.o(.data)
    .bss                                     0x20000010   Section       84  stdio_streams.o(.bss)
    .bss                                     0x20000064   Section       84  stdio_streams.o(.bss)
    .bss                                     0x200000b8   Section       84  stdio_streams.o(.bss)
    .bss                                     0x2000010c   Section       96  libspace.o(.bss)
    Heap_Mem                                 0x200007b0   Data         512  startup_stm32f10x_md.o(HEAP)
    HEAP                                     0x200007b0   Section      512  startup_stm32f10x_md.o(HEAP)
    Stack_Mem                                0x200009b0   Data        1024  startup_stm32f10x_md.o(STACK)
    STACK                                    0x200009b0   Section     1024  startup_stm32f10x_md.o(STACK)
    __initial_sp                             0x20000db0   Data           0  startup_stm32f10x_md.o(STACK)

    Global Symbols

    Symbol Name                              Value     Ov Type        Size  Object(Section)

    BuildAttributes$$THM_ISAv4$P$D$K$B$S$PE$A:L22UL41UL21$X:L11$S22US41US21$IEEE1$IW$~IW$USESV6$~STKCKD$USESV7$~SHL$OTIME$ROPI$IEEEX$EBA8$UX$STANDARDLIB$REQ8$PRES8$EABIv2 0x00000000   Number         0  anon$$obj.o ABSOLUTE
    __fp_init_empty                          0x00000000   Number         0  fpinit_empty.o ABSOLUTE
    _printf_flags                            0x00000000   Number         0  printf_stubs.o ABSOLUTE
    _printf_return_value                     0x00000000   Number         0  printf_stubs.o ABSOLUTE
    _printf_sizespec                         0x00000000   Number         0  printf_stubs.o ABSOLUTE
    _printf_widthprec                        0x00000000   Number         0  printf_stubs.o ABSOLUTE
    __ARM_exceptions_init                     - Undefined Weak Reference
    __alloca_initialize                       - Undefined Weak Reference
    __arm_preinit_                            - Undefined Weak Reference
    __arm_relocate_pie_                       - Undefined Weak Reference
    __cpp_initialize__aeabi_                  - Undefined Weak Reference
    __cxa_finalize                            - Undefined Weak Reference
    __sigvec_lookup                           - Undefined Weak Reference
    __user_heap_extent                        - Undefined Weak Reference
    _atexit_init                              - Undefined Weak Reference
    _call_atexit_fns                          - Undefined Weak Reference
    _clock_init                               - Undefined Weak Reference
    _fp_trap_init                             - Undefined Weak Reference
    _fp_trap_shutdown                         - Undefined Weak Reference
    _get_lc_collate                           - Undefined Weak Reference
    _get_lc_monetary                          - Undefined Weak Reference
    _get_lc_time                              - Undefined Weak Reference
    _getenv_init                              - Undefined Weak Reference
    _handle_redirection                       - Undefined Weak Reference
    _mutex_acquire                            - Undefined Weak Reference
    _mutex_free                               - Undefined Weak Reference
    _mutex_release                            - Undefined Weak Reference
    _printf_mbtowc                            - Undefined Weak Reference
    _printf_wc                                - Undefined Weak Reference
    _rand_init                                - Undefined Weak Reference
    _signal_finish                            - Undefined Weak Reference
    _signal_init                              - Undefined Weak Reference
    __Vectors_Size                           0x000000ec   Number         0  startup_stm32f10x_md.o ABSOLUTE
    __Vectors                                0x08000000   Data           4  startup_stm32f10x_md.o(RESET)
    __Vectors_End                            0x080000ec   Data           0  startup_stm32f10x_md.o(RESET)
    __main                                   0x080000ed   Thumb Code     8  __main.o(!!!main)
    __scatterload                            0x080000f5   Thumb Code     0  __scatter.o(!!!scatter)
    __scatterload_rt2                        0x080000f5   Thumb Code    44  __scatter.o(!!!scatter)
    __scatterload_rt2_thumb_only             0x080000f5   Thumb Code     0  __scatter.o(!!!scatter)
    __scatterload_null                       0x08000103   Thumb Code     0  __scatter.o(!!!scatter)
    __scatterload_copy                       0x08000129   Thumb Code    26  __scatter_copy.o(!!handler_copy)
    __scatterload_zeroinit                   0x08000145   Thumb Code    28  __scatter_zi.o(!!handler_zi)
    _printf_n                                0x08000161   Thumb Code     0  _printf_n.o(.ARM.Collect$$_printf_percent$$00000001)
    _printf_percent                          0x08000161   Thumb Code     0  _printf_percent.o(.ARM.Collect$$_printf_percent$$00000000)
    _printf_p                                0x08000167   Thumb Code     0  _printf_p.o(.ARM.Collect$$_printf_percent$$00000002)
    _printf_f                                0x0800016d   Thumb Code     0  _printf_f.o(.ARM.Collect$$_printf_percent$$00000003)
    _printf_e                                0x08000173   Thumb Code     0  _printf_e.o(.ARM.Collect$$_printf_percent$$00000004)
    _printf_g                                0x08000179   Thumb Code     0  _printf_g.o(.ARM.Collect$$_printf_percent$$00000005)
    _printf_a                                0x0800017f   Thumb Code     0  _printf_a.o(.ARM.Collect$$_printf_percent$$00000006)
    _printf_ll                               0x08000185   Thumb Code     0  _printf_ll.o(.ARM.Collect$$_printf_percent$$00000007)
    _printf_i                                0x0800018f   Thumb Code     0  _printf_i.o(.ARM.Collect$$_printf_percent$$00000008)
    _printf_d                                0x08000195   Thumb Code     0  _printf_d.o(.ARM.Collect$$_printf_percent$$00000009)
    _printf_u                                0x0800019b   Thumb Code     0  _printf_u.o(.ARM.Collect$$_printf_percent$$0000000A)
    _printf_o                                0x080001a1   Thumb Code     0  _printf_o.o(.ARM.Collect$$_printf_percent$$0000000B)
    _printf_x                                0x080001a7   Thumb Code     0  _printf_x.o(.ARM.Collect$$_printf_percent$$0000000C)
    _printf_lli                              0x080001ad   Thumb Code     0  _printf_lli.o(.ARM.Collect$$_printf_percent$$0000000D)
    _printf_lld                              0x080001b3   Thumb Code     0  _printf_lld.o(.ARM.Collect$$_printf_percent$$0000000E)
    _printf_llu                              0x080001b9   Thumb Code     0  _printf_llu.o(.ARM.Collect$$_printf_percent$$0000000F)
    _printf_llo                              0x080001bf   Thumb Code     0  _printf_llo.o(.ARM.Collect$$_printf_percent$$00000010)
    _printf_llx                              0x080001c5   Thumb Code     0  _printf_llx.o(.ARM.Collect$$_printf_percent$$00000011)
    _printf_l                                0x080001cb   Thumb Code     0  _printf_l.o(.ARM.Collect$$_printf_percent$$00000012)
    _printf_c                                0x080001d5   Thumb Code     0  _printf_c.o(.ARM.Collect$$_printf_percent$$00000013)
    _printf_s                                0x080001db   Thumb Code     0  _printf_s.o(.ARM.Collect$$_printf_percent$$00000014)
    _printf_lc                               0x080001e1   Thumb Code     0  _printf_lc.o(.ARM.Collect$$_printf_percent$$00000015)
    _printf_ls                               0x080001e7   Thumb Code     0  _printf_ls.o(.ARM.Collect$$_printf_percent$$00000016)
    _printf_percent_end                      0x080001ed   Thumb Code     0  _printf_percent_end.o(.ARM.Collect$$_printf_percent$$00000017)
    __rt_lib_init                            0x080001f1   Thumb Code     0  libinit.o(.ARM.Collect$$libinit$$00000000)
    __rt_lib_init_fp_1                       0x080001f3   Thumb Code     0  libinit2.o(.ARM.Collect$$libinit$$00000002)
    __rt_lib_init_heap_2                     0x080001f3   Thumb Code     0  libinit2.o(.ARM.Collect$$libinit$$00000007)
    __rt_lib_init_preinit_1                  0x080001f3   Thumb Code     0  libinit2.o(.ARM.Collect$$libinit$$00000006)
    __rt_lib_init_relocate_pie_1             0x080001f3   Thumb Code     0  libinit2.o(.ARM.Collect$$libinit$$00000004)
    __rt_lib_init_heap_1                     0x080001fb   Thumb Code     0  libinit2.o(.ARM.Collect$$libinit$$0000000C)
    __rt_lib_init_lc_common                  0x080001fb   Thumb Code     0  libinit2.o(.ARM.Collect$$libinit$$00000011)
    __rt_lib_init_rand_1                     0x080001fb   Thumb Code     0  libinit2.o(.ARM.Collect$$libinit$$00000010)
    __rt_lib_init_user_alloc_1               0x080001fb   Thumb Code     0  libinit2.o(.ARM.Collect$$libinit$$0000000E)
    __rt_lib_init_lc_collate_1               0x08000201   Thumb Code     0  libinit2.o(.ARM.Collect$$libinit$$00000013)
    __rt_lib_init_lc_ctype_2                 0x08000201   Thumb Code     0  libinit2.o(.ARM.Collect$$libinit$$00000014)
    __rt_lib_init_lc_ctype_1                 0x0800020d   Thumb Code     0  libinit2.o(.ARM.Collect$$libinit$$00000015)
    __rt_lib_init_lc_monetary_1              0x0800020d   Thumb Code     0  libinit2.o(.ARM.Collect$$libinit$$00000017)
    __rt_lib_init_lc_numeric_2               0x0800020d   Thumb Code     0  libinit2.o(.ARM.Collect$$libinit$$00000018)
    __rt_lib_init_atexit_1                   0x08000217   Thumb Code     0  libinit2.o(.ARM.Collect$$libinit$$0000001D)
    __rt_lib_init_clock_1                    0x08000217   Thumb Code     0  libinit2.o(.ARM.Collect$$libinit$$00000023)
    __rt_lib_init_fp_trap_1                  0x08000217   Thumb Code     0  libinit2.o(.ARM.Collect$$libinit$$00000021)
    __rt_lib_init_getenv_1                   0x08000217   Thumb Code     0  libinit2.o(.ARM.Collect$$libinit$$00000025)
    __rt_lib_init_lc_numeric_1               0x08000217   Thumb Code     0  libinit2.o(.ARM.Collect$$libinit$$00000019)
    __rt_lib_init_lc_time_1                  0x08000217   Thumb Code     0  libinit2.o(.ARM.Collect$$libinit$$0000001B)
    __rt_lib_init_signal_1                   0x08000217   Thumb Code     0  libinit2.o(.ARM.Collect$$libinit$$0000001F)
    __rt_lib_init_stdio_2                    0x08000217   Thumb Code     0  libinit2.o(.ARM.Collect$$libinit$$00000026)
    __rt_lib_init_alloca_1                   0x0800021b   Thumb Code     0  libinit2.o(.ARM.Collect$$libinit$$00000030)
    __rt_lib_init_argv_1                     0x0800021b   Thumb Code     0  libinit2.o(.ARM.Collect$$libinit$$0000002E)
    __rt_lib_init_cpp_1                      0x0800021b   Thumb Code     0  libinit2.o(.ARM.Collect$$libinit$$00000034)
    __rt_lib_init_exceptions_1               0x0800021b   Thumb Code     0  libinit2.o(.ARM.Collect$$libinit$$00000032)
    __rt_lib_init_return                     0x0800021b   Thumb Code     0  libinit2.o(.ARM.Collect$$libinit$$00000035)
    __rt_lib_init_stdio_1                    0x0800021b   Thumb Code     0  libinit2.o(.ARM.Collect$$libinit$$00000027)
    __rt_lib_shutdown                        0x0800021d   Thumb Code     0  libshutdown.o(.ARM.Collect$$libshutdown$$00000000)
    __rt_lib_shutdown_cpp_1                  0x0800021f   Thumb Code     0  libshutdown2.o(.ARM.Collect$$libshutdown$$00000002)
    __rt_lib_shutdown_stdio_2                0x0800021f   Thumb Code     0  libshutdown2.o(.ARM.Collect$$libshutdown$$00000003)
    __rt_lib_shutdown_fp_trap_1              0x08000223   Thumb Code     0  libshutdown2.o(.ARM.Collect$$libshutdown$$00000007)
    __rt_lib_shutdown_heap_1                 0x08000223   Thumb Code     0  libshutdown2.o(.ARM.Collect$$libshutdown$$0000000F)
    __rt_lib_shutdown_return                 0x08000223   Thumb Code     0  libshutdown2.o(.ARM.Collect$$libshutdown$$00000010)
    __rt_lib_shutdown_signal_1               0x08000223   Thumb Code     0  libshutdown2.o(.ARM.Collect$$libshutdown$$0000000A)
    __rt_lib_shutdown_stdio_1                0x08000223   Thumb Code     0  libshutdown2.o(.ARM.Collect$$libshutdown$$00000004)
    __rt_lib_shutdown_user_alloc_1           0x08000223   Thumb Code     0  libshutdown2.o(.ARM.Collect$$libshutdown$$0000000C)
    __rt_entry                               0x08000225   Thumb Code     0  __rtentry.o(.ARM.Collect$$rtentry$$00000000)
    __rt_entry_presh_1                       0x08000225   Thumb Code     0  __rtentry2.o(.ARM.Collect$$rtentry$$00000002)
    __rt_entry_sh                            0x08000225   Thumb Code     0  __rtentry4.o(.ARM.Collect$$rtentry$$00000004)
    __rt_entry_li                            0x0800022b   Thumb Code     0  __rtentry2.o(.ARM.Collect$$rtentry$$0000000A)
    __rt_entry_postsh_1                      0x0800022b   Thumb Code     0  __rtentry2.o(.ARM.Collect$$rtentry$$00000009)
    __rt_entry_main                          0x0800022f   Thumb Code     0  __rtentry2.o(.ARM.Collect$$rtentry$$0000000D)
    __rt_entry_postli_1                      0x0800022f   Thumb Code     0  __rtentry2.o(.ARM.Collect$$rtentry$$0000000C)
    __rt_exit                                0x08000237   Thumb Code     0  rtexit.o(.ARM.Collect$$rtexit$$00000000)
    __rt_exit_ls                             0x08000239   Thumb Code     0  rtexit2.o(.ARM.Collect$$rtexit$$00000003)
    __rt_exit_prels_1                        0x08000239   Thumb Code     0  rtexit2.o(.ARM.Collect$$rtexit$$00000002)
    __rt_exit_exit                           0x0800023d   Thumb Code     0  rtexit2.o(.ARM.Collect$$rtexit$$00000004)
    Reset_Handler                            0x08000245   Thumb Code     8  startup_stm32f10x_md.o(.text)
    NMI_Handler                              0x0800024d   Thumb Code     2  startup_stm32f10x_md.o(.text)
    HardFault_Handler                        0x0800024f   Thumb Code     2  startup_stm32f10x_md.o(.text)
    MemManage_Handler                        0x08000251   Thumb Code     2  startup_stm32f10x_md.o(.text)
    BusFault_Handler                         0x08000253   Thumb Code     2  startup_stm32f10x_md.o(.text)
    UsageFault_Handler                       0x08000255   Thumb Code     2  startup_stm32f10x_md.o(.text)
    SVC_Handler                              0x08000257   Thumb Code     2  startup_stm32f10x_md.o(.text)
    DebugMon_Handler                         0x08000259   Thumb Code     2  startup_stm32f10x_md.o(.text)
    PendSV_Handler                           0x0800025b   Thumb Code     2  startup_stm32f10x_md.o(.text)
    ADC1_2_IRQHandler                        0x0800025f   Thumb Code     0  startup_stm32f10x_md.o(.text)
    CAN1_RX1_IRQHandler                      0x0800025f   Thumb Code     0  startup_stm32f10x_md.o(.text)
    CAN1_SCE_IRQHandler                      0x0800025f   Thumb Code     0  startup_stm32f10x_md.o(.text)
    DMA1_Channel1_IRQHandler                 0x0800025f   Thumb Code     0  startup_stm32f10x_md.o(.text)
    DMA1_Channel2_IRQHandler                 0x0800025f   Thumb Code     0  startup_stm32f10x_md.o(.text)
    DMA1_Channel3_IRQHandler                 0x0800025f   Thumb Code     0  startup_stm32f10x_md.o(.text)
    DMA1_Channel4_IRQHandler                 0x0800025f   Thumb Code     0  startup_stm32f10x_md.o(.text)
    DMA1_Channel6_IRQHandler                 0x0800025f   Thumb Code     0  startup_stm32f10x_md.o(.text)
    EXTI0_IRQHandler                         0x0800025f   Thumb Code     0  startup_stm32f10x_md.o(.text)
    EXTI15_10_IRQHandler                     0x0800025f   Thumb Code     0  startup_stm32f10x_md.o(.text)
    EXTI1_IRQHandler                         0x0800025f   Thumb Code     0  startup_stm32f10x_md.o(.text)
    EXTI2_IRQHandler                         0x0800025f   Thumb Code     0  startup_stm32f10x_md.o(.text)
    EXTI3_IRQHandler                         0x0800025f   Thumb Code     0  startup_stm32f10x_md.o(.text)
    EXTI4_IRQHandler                         0x0800025f   Thumb Code     0  startup_stm32f10x_md.o(.text)
    EXTI9_5_IRQHandler                       0x0800025f   Thumb Code     0  startup_stm32f10x_md.o(.text)
    FLASH_IRQHandler                         0x0800025f   Thumb Code     0  startup_stm32f10x_md.o(.text)
    I2C1_ER_IRQHandler                       0x0800025f   Thumb Code     0  startup_stm32f10x_md.o(.text)
    I2C1_EV_IRQHandler                       0x0800025f   Thumb Code     0  startup_stm32f10x_md.o(.text)
    I2C2_ER_IRQHandler                       0x0800025f   Thumb Code     0  startup_stm32f10x_md.o(.text)
    I2C2_EV_IRQHandler                       0x0800025f   Thumb Code     0  startup_stm32f10x_md.o(.text)
    PVD_IRQHandler                           0x0800025f   Thumb Code     0  startup_stm32f10x_md.o(.text)
    RCC_IRQHandler                           0x0800025f   Thumb Code     0  startup_stm32f10x_md.o(.text)
    RTCAlarm_IRQHandler                      0x0800025f   Thumb Code     0  startup_stm32f10x_md.o(.text)
    RTC_IRQHandler                           0x0800025f   Thumb Code     0  startup_stm32f10x_md.o(.text)
    SPI1_IRQHandler                          0x0800025f   Thumb Code     0  startup_stm32f10x_md.o(.text)
    SPI2_IRQHandler                          0x0800025f   Thumb Code     0  startup_stm32f10x_md.o(.text)
    TAMPER_IRQHandler                        0x0800025f   Thumb Code     0  startup_stm32f10x_md.o(.text)
    TIM1_BRK_IRQHandler                      0x0800025f   Thumb Code     0  startup_stm32f10x_md.o(.text)
    TIM1_CC_IRQHandler                       0x0800025f   Thumb Code     0  startup_stm32f10x_md.o(.text)
    TIM1_TRG_COM_IRQHandler                  0x0800025f   Thumb Code     0  startup_stm32f10x_md.o(.text)
    TIM1_UP_IRQHandler                       0x0800025f   Thumb Code     0  startup_stm32f10x_md.o(.text)
    TIM3_IRQHandler                          0x0800025f   Thumb Code     0  startup_stm32f10x_md.o(.text)
    TIM4_IRQHandler                          0x0800025f   Thumb Code     0  startup_stm32f10x_md.o(.text)
    USART1_IRQHandler                        0x0800025f   Thumb Code     0  startup_stm32f10x_md.o(.text)
    USART2_IRQHandler                        0x0800025f   Thumb Code     0  startup_stm32f10x_md.o(.text)
    USART3_IRQHandler                        0x0800025f   Thumb Code     0  startup_stm32f10x_md.o(.text)
    USBWakeUp_IRQHandler                     0x0800025f   Thumb Code     0  startup_stm32f10x_md.o(.text)
    USB_HP_CAN1_TX_IRQHandler                0x0800025f   Thumb Code     0  startup_stm32f10x_md.o(.text)
    USB_LP_CAN1_RX0_IRQHandler               0x0800025f   Thumb Code     0  startup_stm32f10x_md.o(.text)
    WWDG_IRQHandler                          0x0800025f   Thumb Code     0  startup_stm32f10x_md.o(.text)
    __user_initial_stackheap                 0x08000261   Thumb Code     0  startup_stm32f10x_md.o(.text)
    printf                                   0x08000285   Thumb Code    20  printf.o(.text)
    __aeabi_memcpy                           0x0800029d   Thumb Code     0  rt_memcpy_v6.o(.text)
    __rt_memcpy                              0x0800029d   Thumb Code   138  rt_memcpy_v6.o(.text)
    _memcpy_lastbytes                        0x08000303   Thumb Code     0  rt_memcpy_v6.o(.text)
    __aeabi_memclr                           0x08000327   Thumb Code     0  rt_memclr.o(.text)
    __rt_memclr                              0x08000327   Thumb Code     0  rt_memclr.o(.text)
    _memset                                  0x0800032b   Thumb Code    64  rt_memclr.o(.text)
    strcmp                                   0x0800036d   Thumb Code   128  strcmpv7m.o(.text)
    __use_two_region_memory                  0x080003ed   Thumb Code     2  heapauxi.o(.text)
    __rt_heap_escrow                         0x080003ef   Thumb Code     2  heapauxi.o(.text)
    __rt_heap_expand                         0x080003f1   Thumb Code     2  heapauxi.o(.text)
    __read_errno                             0x080003f3   Thumb Code    10  _rserrno.o(.text)
    __set_errno                              0x080003fd   Thumb Code    12  _rserrno.o(.text)
    _printf_pre_padding                      0x08000409   Thumb Code    44  _printf_pad.o(.text)
    _printf_post_padding                     0x08000435   Thumb Code    34  _printf_pad.o(.text)
    _printf_truncate_signed                  0x08000457   Thumb Code    18  _printf_truncate.o(.text)
    _printf_truncate_unsigned                0x08000469   Thumb Code    18  _printf_truncate.o(.text)
    _printf_str                              0x0800047b   Thumb Code    82  _printf_str.o(.text)
    _printf_int_dec                          0x080004cd   Thumb Code   104  _printf_dec.o(.text)
    _printf_charcount                        0x08000545   Thumb Code    40  _printf_charcount.o(.text)
    _printf_char_file                        0x0800056d   Thumb Code    32  _printf_char_file.o(.text)
    _printf_wctomb                           0x08000591   Thumb Code   182  _printf_wctomb.o(.text)
    _printf_longlong_dec                     0x0800064d   Thumb Code   108  _printf_longlong_dec.o(.text)
    _printf_longlong_oct                     0x080006c9   Thumb Code    68  _printf_oct_int_ll.o(.text)
    _printf_int_oct                          0x0800070d   Thumb Code    24  _printf_oct_int_ll.o(.text)
    _printf_ll_oct                           0x08000725   Thumb Code    12  _printf_oct_int_ll.o(.text)
    _printf_longlong_hex                     0x08000739   Thumb Code    86  _printf_hex_int_ll_ptr.o(.text)
    _printf_int_hex                          0x0800078f   Thumb Code    28  _printf_hex_int_ll_ptr.o(.text)
    _printf_ll_hex                           0x080007ab   Thumb Code    12  _printf_hex_int_ll_ptr.o(.text)
    _printf_hex_ptr                          0x080007b7   Thumb Code    18  _printf_hex_int_ll_ptr.o(.text)
    __printf                                 0x080007cd   Thumb Code   388  __printf_flags_ss_wp.o(.text)
    __aeabi_memcpy4                          0x08000955   Thumb Code     0  rt_memcpy_w.o(.text)
    __aeabi_memcpy8                          0x08000955   Thumb Code     0  rt_memcpy_w.o(.text)
    __rt_memcpy_w                            0x08000955   Thumb Code   100  rt_memcpy_w.o(.text)
    _memcpy_lastbytes_aligned                0x0800099d   Thumb Code     0  rt_memcpy_w.o(.text)
    __aeabi_memclr4                          0x080009b9   Thumb Code     0  rt_memclr_w.o(.text)
    __aeabi_memclr8                          0x080009b9   Thumb Code     0  rt_memclr_w.o(.text)
    __rt_memclr_w                            0x080009b9   Thumb Code     0  rt_memclr_w.o(.text)
    _memset_w                                0x080009bd   Thumb Code    74  rt_memclr_w.o(.text)
    __aeabi_errno_addr                       0x08000a09   Thumb Code     8  rt_errno_addr_intlibspace.o(.text)
    __errno$intlibspace                      0x08000a09   Thumb Code     0  rt_errno_addr_intlibspace.o(.text)
    __rt_errno_addr$intlibspace              0x08000a09   Thumb Code     0  rt_errno_addr_intlibspace.o(.text)
    _ll_udiv10                               0x08000a11   Thumb Code   138  lludiv10.o(.text)
    _printf_int_common                       0x08000a9b   Thumb Code   178  _printf_intcommon.o(.text)
    _printf_fp_dec_real                      0x08000cfd   Thumb Code   620  _printf_fp_dec.o(.text)
    _printf_fp_hex_real                      0x08000f69   Thumb Code   756  _printf_fp_hex.o(.text)
    _printf_char_common                      0x0800126f   Thumb Code    32  _printf_char_common.o(.text)
    _printf_cs_common                        0x08001295   Thumb Code    20  _printf_char.o(.text)
    _printf_char                             0x080012a9   Thumb Code    16  _printf_char.o(.text)
    _printf_string                           0x080012b9   Thumb Code     8  _printf_char.o(.text)
    _printf_lcs_common                       0x080012c1   Thumb Code    20  _printf_wchar.o(.text)
    _printf_wchar                            0x080012d5   Thumb Code    16  _printf_wchar.o(.text)
    _printf_wstring                          0x080012e5   Thumb Code     8  _printf_wchar.o(.text)
    ferror                                   0x080012ed   Thumb Code     8  ferror.o(.text)
    _initio                                  0x080012f5   Thumb Code   210  initio.o(.text)
    _terminateio                             0x080013c7   Thumb Code    56  initio.o(.text)
    _c16rtomb                                0x0800142d   Thumb Code    72  _c16rtomb.o(.text)
    _wcrtomb                                 0x0800142d   Thumb Code     0  _c16rtomb.o(.text)
    __user_libspace                          0x08001475   Thumb Code     8  libspace.o(.text)
    __user_perproc_libspace                  0x08001475   Thumb Code     0  libspace.o(.text)
    __user_perthread_libspace                0x08001475   Thumb Code     0  libspace.o(.text)
    __user_setup_stackheap                   0x0800147d   Thumb Code    74  sys_stackheap_outer.o(.text)
    __rt_ctype_table                         0x080014c9   Thumb Code    16  rt_ctype_table.o(.text)
    __rt_locale                              0x080014d9   Thumb Code     8  rt_locale_intlibspace.o(.text)
    free                                     0x080014e1   Thumb Code    78  h1_free.o(.text)
    _printf_fp_infnan                        0x08001531   Thumb Code   112  _printf_fp_infnan.o(.text)
    _btod_etento                             0x080015b1   Thumb Code   224  bigflt0.o(.text)
    __flsbuf                                 0x08001695   Thumb Code   482  flsbuf.o(.text)
    __flsbuf_byte                            0x08001695   Thumb Code     0  flsbuf.o(.text)
    __flsbuf_wide                            0x08001695   Thumb Code     0  flsbuf.o(.text)
    setvbuf                                  0x08001877   Thumb Code    70  setvbuf.o(.text)
    freopen                                  0x080018bd   Thumb Code   160  fopen.o(.text)
    fopen                                    0x0800195d   Thumb Code    74  fopen.o(.text)
    _fclose_internal                         0x080019ad   Thumb Code    76  fclose.o(.text)
    fclose                                   0x080019ad   Thumb Code     0  fclose.o(.text)
    exit                                     0x080019f9   Thumb Code    18  exit.o(.text)
    __rt_SIGRTRED                            0x08001a0b   Thumb Code    14  defsig_rtred_outer.o(.text)
    __rt_heap_descriptor                     0x08001a19   Thumb Code     8  rt_heap_descriptor_intlibspace.o(.text)
    __use_no_heap                            0x08001a21   Thumb Code     2  hguard.o(.text)
    __heap$guard                             0x08001a23   Thumb Code     2  hguard.o(.text)
    _terminate_user_alloc                    0x08001a25   Thumb Code     2  init_alloc.o(.text)
    _init_user_alloc                         0x08001a27   Thumb Code     2  init_alloc.o(.text)
    __Heap_Full                              0x08001a29   Thumb Code    34  init_alloc.o(.text)
    __Heap_Broken                            0x08001a4b   Thumb Code     6  init_alloc.o(.text)
    _init_alloc                              0x08001a51   Thumb Code    94  init_alloc.o(.text)
    malloc                                   0x08001aaf   Thumb Code    94  h1_alloc.o(.text)
    _fseek                                   0x08001b0d   Thumb Code   242  fseek.o(.text)
    fseek                                    0x08001b0d   Thumb Code     0  fseek.o(.text)
    _seterr                                  0x08001c05   Thumb Code    20  stdio.o(.text)
    _writebuf                                0x08001c19   Thumb Code   108  stdio.o(.text)
    _fflush                                  0x08001c85   Thumb Code    70  stdio.o(.text)
    _deferredlazyseek                        0x08001ccb   Thumb Code    60  stdio.o(.text)
    __sig_exit                               0x08001d0d   Thumb Code    10  defsig_exit.o(.text)
    __rt_SIGRTRED_inner                      0x08001d19   Thumb Code    14  defsig_rtred_inner.o(.text)
    _sys_exit                                0x08001d4d   Thumb Code     8  sys_exit.o(.text)
    __Heap_Initialize                        0x08001d59   Thumb Code    10  h1_init.o(.text)
    _maybe_terminate_alloc                   0x08001d59   Thumb Code     0  maybetermalloc1.o(.text)
    __Heap_DescSize                          0x08001d63   Thumb Code     4  h1_init.o(.text)
    __Heap_ProvideMemory                     0x08001d67   Thumb Code    52  h1_extend.o(.text)
    _ftell_internal                          0x08001d9b   Thumb Code    66  ftell.o(.text)
    ftell                                    0x08001d9b   Thumb Code     0  ftell.o(.text)
    __default_signal_display                 0x08001ddd   Thumb Code    50  defsig_general.o(.text)
    __rt_SIGRTMEM                            0x08001e0f   Thumb Code    14  defsig_rtmem_outer.o(.text)
    _ttywrch                                 0x08001e1d   Thumb Code    14  sys_wrch.o(.text)
    __I$use$semihosting                      0x08001e2b   Thumb Code     0  use_no_semi.o(.text)
    __use_no_semihosting_swi                 0x08001e2b   Thumb Code     2  use_no_semi.o(.text)
    __rt_SIGRTMEM_inner                      0x08001e2d   Thumb Code    22  defsig_rtmem_inner.o(.text)
    __semihosting_library_function           0x08001e2d   Thumb Code     0  indicate_semi.o(.text)
    DMA1_Channel5_IRQHandler                 0x08001e7d   Thumb Code    88  appmain5.o(.text.DMA1_Channel5_IRQHandler)
    DMA1_Channel7_IRQHandler                 0x08001ed5   Thumb Code    92  appmain5.o(.text.DMA1_Channel7_IRQHandler)
    ITM_SendChar                             0x08001f31   Thumb Code    66  retarget_io.o(.text.ITM_SendChar)
    SysTick_Handler                          0x080020a1   Thumb Code    16  appmain5.o(.text.SysTick_Handler)
    SystemCoreClockUpdate                    0x080020b1   Thumb Code   290  system_stm32f10x.o(.text.SystemCoreClockUpdate)
    SystemInit                               0x080021d5   Thumb Code   102  system_stm32f10x.o(.text.SystemInit)
    TIM2_IRQHandler                          0x0800223d   Thumb Code     2  appmain5.o(.text.TIM2_IRQHandler)
    init_timer(TIM_TypeDef*)                 0x08002241   Thumb Code   116  appmain5.o(.text._Z10init_timerP11TIM_TypeDef)
    DMA1_Channel5_Init()                     0x080022b5   Thumb Code    84  appmain5.o(.text._Z18DMA1_Channel5_Initv)
    DMA1_Channel7_Init()                     0x08002309   Thumb Code    84  appmain5.o(.text._Z18DMA1_Channel7_Initv)
    Main()                                   0x0800235d   Thumb Code   182  appmain5.o(.text._Z4Mainv)
    GPIO_Init()                              0x08002415   Thumb Code    46  appmain5.o(.text._Z9GPIO_Initv)
    _sys_close                               0x0800250d   Thumb Code    74  retarget_io.o(.text._sys_close)
    _sys_flen                                0x08002559   Thumb Code    74  retarget_io.o(.text._sys_flen)
    _sys_istty                               0x080025a5   Thumb Code    72  retarget_io.o(.text._sys_istty)
    _sys_open                                0x080025ed   Thumb Code   132  retarget_io.o(.text._sys_open)
    _sys_seek                                0x08002671   Thumb Code    82  retarget_io.o(.text._sys_seek)
    _sys_write                               0x080026c5   Thumb Code   152  retarget_io.o(.text._sys_write)
    main                                     0x0800275d   Thumb Code    66  main.o(.text.main)
    _btod_d2e                                0x080027c1   Thumb Code    62  btod.o(CL$$btod_d2e)
    _d2e_denorm_low                          0x080027ff   Thumb Code    70  btod.o(CL$$btod_d2e_denorm_low)
    _d2e_norm_op1                            0x08002845   Thumb Code    96  btod.o(CL$$btod_d2e_norm_op1)
    __btod_div_common                        0x080028a5   Thumb Code   696  btod.o(CL$$btod_div_common)
    _e2e                                     0x08002bdd   Thumb Code   220  btod.o(CL$$btod_e2e)
    _btod_ediv                               0x08002cb9   Thumb Code    42  btod.o(CL$$btod_ediv)
    _btod_emul                               0x08002ce3   Thumb Code    42  btod.o(CL$$btod_emul)
    __btod_mult_common                       0x08002d0d   Thumb Code   580  btod.o(CL$$btod_mult_common)
    __ARM_fpclassify                         0x08002f51   Thumb Code    40  fpclassify.o(i.__ARM_fpclassify)
    __ieee754_rem_pio2                       0x08002f79   Thumb Code   828  rred.o(i.__ieee754_rem_pio2)
    __kernel_cos                             0x08003301   Thumb Code   230  cos_i.o(i.__kernel_cos)
    __kernel_poly                            0x080033fd   Thumb Code   170  poly.o(i.__kernel_poly)
    __kernel_sin                             0x080034a9   Thumb Code   224  sin_i.o(i.__kernel_sin)
    __mathlib_dbl_infnan                     0x08003595   Thumb Code     6  dunder.o(i.__mathlib_dbl_infnan)
    __mathlib_dbl_invalid                    0x0800359b   Thumb Code    12  dunder.o(i.__mathlib_dbl_invalid)
    __mathlib_dbl_underflow                  0x080035a9   Thumb Code    10  dunder.o(i.__mathlib_dbl_underflow)
    _is_digit                                0x080035b9   Thumb Code    14  __printf_wp.o(i._is_digit)
    fputc                                    0x080035c7   Thumb Code    28  fputc.o(i.fputc)
    sin                                      0x080035e5   Thumb Code   150  sin.o(i.sin)
    _get_lc_numeric                          0x08003685   Thumb Code    44  lc_numeric_c.o(locale$$code)
    _get_lc_ctype                            0x080036b1   Thumb Code    44  lc_ctype_c.o(locale$$code)
    __aeabi_dadd                             0x080036dd   Thumb Code     0  daddsub_clz.o(x$fpl$dadd)
    _dadd                                    0x080036dd   Thumb Code   332  daddsub_clz.o(x$fpl$dadd)
    __fpl_dcheck_NaN1                        0x0800382d   Thumb Code    10  dcheck1.o(x$fpl$dcheck1)
    __aeabi_ddiv                             0x0800383d   Thumb Code     0  ddiv.o(x$fpl$ddiv)
    _ddiv                                    0x0800383d   Thumb Code   556  ddiv.o(x$fpl$ddiv)
    __aeabi_d2iz                             0x08003af1   Thumb Code     0  dfix.o(x$fpl$dfix)
    _dfix                                    0x08003af1   Thumb Code    94  dfix.o(x$fpl$dfix)
    __aeabi_i2d                              0x08003b4f   Thumb Code     0  dflt_clz.o(x$fpl$dflt)
    _dflt                                    0x08003b4f   Thumb Code    46  dflt_clz.o(x$fpl$dflt)
    __aeabi_ui2d                             0x08003b7d   Thumb Code     0  dflt_clz.o(x$fpl$dfltu)
    _dfltu                                   0x08003b7d   Thumb Code    38  dflt_clz.o(x$fpl$dfltu)
    __aeabi_dmul                             0x08003ba5   Thumb Code     0  dmul.o(x$fpl$dmul)
    _dmul                                    0x08003ba5   Thumb Code   332  dmul.o(x$fpl$dmul)
    __fpl_dnaninf                            0x08003cf9   Thumb Code   156  dnaninf.o(x$fpl$dnaninf)
    __fpl_dretinf                            0x08003d95   Thumb Code    12  dretinf.o(x$fpl$dretinf)
    __aeabi_drsub                            0x08003da1   Thumb Code     0  daddsub_clz.o(x$fpl$drsb)
    _drsb                                    0x08003da1   Thumb Code    22  daddsub_clz.o(x$fpl$drsb)
    __aeabi_dsub                             0x08003db9   Thumb Code     0  daddsub_clz.o(x$fpl$dsub)
    _dsub                                    0x08003db9   Thumb Code   472  daddsub_clz.o(x$fpl$dsub)
    _printf_fp_dec                           0x08003f95   Thumb Code     4  printf1.o(x$fpl$printf1)
    _printf_fp_hex                           0x08003f99   Thumb Code     4  printf2.o(x$fpl$printf2)
    __fpl_return_NaN                         0x08003f9d   Thumb Code   100  retnan.o(x$fpl$retnan)
    __ARM_scalbn                             0x08004001   Thumb Code    92  scalbn.o(x$fpl$scalbn)
    __fpl_cmpreturn                          0x0800405d   Thumb Code    48  trapv.o(x$fpl$trapveneer)
    __I$use$fp                               0x0800408c   Number         0  usenofp.o(x$fpl$usenofp)
    AHBPrescTable                            0x080042b4   Data          16  system_stm32f10x.o(.rodata.AHBPrescTable)
    __stderr_name                            0x080042c4   Data           8  retarget_io.o(.rodata.__stderr_name)
    __stdin_name                             0x080042cc   Data           7  retarget_io.o(.rodata.__stdin_name)
    __stdout_name                            0x080042d3   Data           8  retarget_io.o(.rodata.__stdout_name)
    Region$$Table$$Base                      0x0800430c   Number         0  anon$$obj.o(Region$$Table)
    Region$$Table$$Limit                     0x0800432c   Number         0  anon$$obj.o(Region$$Table)
    __ctype                                  0x08004355   Data           0  lc_ctype_c.o(locale$$data)
    __aeabi_stdin                            0x20000000   Data           4  stdio_streams.o(.data)
    __aeabi_stdout                           0x20000004   Data           4  stdio_streams.o(.data)
    __aeabi_stderr                           0x20000008   Data           4  stdio_streams.o(.data)
    SystemCoreClock                          0x2000000c   Data           4  system_stm32f10x.o(.data.SystemCoreClock)
    __stdin                                  0x20000010   Data          84  stdio_streams.o(.bss)
    __stdout                                 0x20000064   Data          84  stdio_streams.o(.bss)
    __stderr                                 0x200000b8   Data          84  stdio_streams.o(.bss)
    __libspace_start                         0x2000010c   Data          96  libspace.o(.bss)
    OutputTable                              0x2000016c   Data        1200  appmain5.o(.bss.OutputTable)
    __temporary_stack_top$libspace           0x2000016c   Data           0  libspace.o(.bss)
    SineTable                                0x2000061c   Data         400  appmain5.o(.bss.SineTable)
    systick                                  0x200007ac   Data           4  appmain5.o(.bss.systick)



==============================================================================

Memory Map of the image

  Image Entry point : 0x080000ed

  Load Region LR_IROM1 (Base: 0x08000000, Size: 0x00004468, Max: 0x00010000, ABSOLUTE)

    Execution Region ER_IROM1 (Exec base: 0x08000000, Load base: 0x08000000, Size: 0x00004458, Max: 0x00010000, ABSOLUTE)

    Exec Addr    Load Addr    Size         Type   Attr      Idx    E Section Name        Object

    0x08000000   0x08000000   0x000000ec   Data   RO           89    RESET               startup_stm32f10x_md.o
    0x080000ec   0x080000ec   0x00000008   Code   RO          125  * !!!main             c_w.l(__main.o)
    0x080000f4   0x080000f4   0x00000034   Code   RO          701    !!!scatter          c_w.l(__scatter.o)
    0x08000128   0x08000128   0x0000001a   Code   RO          703    !!handler_copy      c_w.l(__scatter_copy.o)
    0x08000142   0x08000142   0x00000002   PAD
    0x08000144   0x08000144   0x0000001c   Code   RO          705    !!handler_zi        c_w.l(__scatter_zi.o)
    0x08000160   0x08000160   0x00000000   Code   RO          229    .ARM.Collect$$_printf_percent$$00000000  c_w.l(_printf_percent.o)
    0x08000160   0x08000160   0x00000006   Code   RO          218    .ARM.Collect$$_printf_percent$$00000001  c_w.l(_printf_n.o)
    0x08000166   0x08000166   0x00000006   Code   RO          220    .ARM.Collect$$_printf_percent$$00000002  c_w.l(_printf_p.o)
    0x0800016c   0x0800016c   0x00000006   Code   RO          225    .ARM.Collect$$_printf_percent$$00000003  c_w.l(_printf_f.o)
    0x08000172   0x08000172   0x00000006   Code   RO          226    .ARM.Collect$$_printf_percent$$00000004  c_w.l(_printf_e.o)
    0x08000178   0x08000178   0x00000006   Code   RO          227    .ARM.Collect$$_printf_percent$$00000005  c_w.l(_printf_g.o)
    0x0800017e   0x0800017e   0x00000006   Code   RO          228    .ARM.Collect$$_printf_percent$$00000006  c_w.l(_printf_a.o)
    0x08000184   0x08000184   0x0000000a   Code   RO          233    .ARM.Collect$$_printf_percent$$00000007  c_w.l(_printf_ll.o)
    0x0800018e   0x0800018e   0x00000006   Code   RO          222    .ARM.Collect$$_printf_percent$$00000008  c_w.l(_printf_i.o)
    0x08000194   0x08000194   0x00000006   Code   RO          223    .ARM.Collect$$_printf_percent$$00000009  c_w.l(_printf_d.o)
    0x0800019a   0x0800019a   0x00000006   Code   RO          224    .ARM.Collect$$_printf_percent$$0000000A  c_w.l(_printf_u.o)
    0x080001a0   0x080001a0   0x00000006   Code   RO          221    .ARM.Collect$$_printf_percent$$0000000B  c_w.l(_printf_o.o)
    0x080001a6   0x080001a6   0x00000006   Code   RO          219    .ARM.Collect$$_printf_percent$$0000000C  c_w.l(_printf_x.o)
    0x080001ac   0x080001ac   0x00000006   Code   RO          230    .ARM.Collect$$_printf_percent$$0000000D  c_w.l(_printf_lli.o)
    0x080001b2   0x080001b2   0x00000006   Code   RO          231    .ARM.Collect$$_printf_percent$$0000000E  c_w.l(_printf_lld.o)
    0x080001b8   0x080001b8   0x00000006   Code   RO          232    .ARM.Collect$$_printf_percent$$0000000F  c_w.l(_printf_llu.o)
    0x080001be   0x080001be   0x00000006   Code   RO          237    .ARM.Collect$$_printf_percent$$00000010  c_w.l(_printf_llo.o)
    0x080001c4   0x080001c4   0x00000006   Code   RO          238    .ARM.Collect$$_printf_percent$$00000011  c_w.l(_printf_llx.o)
    0x080001ca   0x080001ca   0x0000000a   Code   RO          234    .ARM.Collect$$_printf_percent$$00000012  c_w.l(_printf_l.o)
    0x080001d4   0x080001d4   0x00000006   Code   RO          216    .ARM.Collect$$_printf_percent$$00000013  c_w.l(_printf_c.o)
    0x080001da   0x080001da   0x00000006   Code   RO          217    .ARM.Collect$$_printf_percent$$00000014  c_w.l(_printf_s.o)
    0x080001e0   0x080001e0   0x00000006   Code   RO          235    .ARM.Collect$$_printf_percent$$00000015  c_w.l(_printf_lc.o)
    0x080001e6   0x080001e6   0x00000006   Code   RO          236    .ARM.Collect$$_printf_percent$$00000016  c_w.l(_printf_ls.o)
    0x080001ec   0x080001ec   0x00000004   Code   RO          324    .ARM.Collect$$_printf_percent$$00000017  c_w.l(_printf_percent_end.o)
    0x080001f0   0x080001f0   0x00000002   Code   RO          481    .ARM.Collect$$libinit$$00000000  c_w.l(libinit.o)
    0x080001f2   0x080001f2   0x00000000   Code   RO          483    .ARM.Collect$$libinit$$00000002  c_w.l(libinit2.o)
    0x080001f2   0x080001f2   0x00000000   Code   RO          485    .ARM.Collect$$libinit$$00000004  c_w.l(libinit2.o)
    0x080001f2   0x080001f2   0x00000000   Code   RO          487    .ARM.Collect$$libinit$$00000006  c_w.l(libinit2.o)
    0x080001f2   0x080001f2   0x00000008   Code   RO          488    .ARM.Collect$$libinit$$00000007  c_w.l(libinit2.o)
    0x080001fa   0x080001fa   0x00000000   Code   RO          490    .ARM.Collect$$libinit$$0000000C  c_w.l(libinit2.o)
    0x080001fa   0x080001fa   0x00000000   Code   RO          492    .ARM.Collect$$libinit$$0000000E  c_w.l(libinit2.o)
    0x080001fa   0x080001fa   0x00000000   Code   RO          494    .ARM.Collect$$libinit$$00000010  c_w.l(libinit2.o)
    0x080001fa   0x080001fa   0x00000006   Code   RO          495    .ARM.Collect$$libinit$$00000011  c_w.l(libinit2.o)
    0x08000200   0x08000200   0x00000000   Code   RO          497    .ARM.Collect$$libinit$$00000013  c_w.l(libinit2.o)
    0x08000200   0x08000200   0x0000000c   Code   RO          498    .ARM.Collect$$libinit$$00000014  c_w.l(libinit2.o)
    0x0800020c   0x0800020c   0x00000000   Code   RO          499    .ARM.Collect$$libinit$$00000015  c_w.l(libinit2.o)
    0x0800020c   0x0800020c   0x00000000   Code   RO          501    .ARM.Collect$$libinit$$00000017  c_w.l(libinit2.o)
    0x0800020c   0x0800020c   0x0000000a   Code   RO          502    .ARM.Collect$$libinit$$00000018  c_w.l(libinit2.o)
    0x08000216   0x08000216   0x00000000   Code   RO          503    .ARM.Collect$$libinit$$00000019  c_w.l(libinit2.o)
    0x08000216   0x08000216   0x00000000   Code   RO          505    .ARM.Collect$$libinit$$0000001B  c_w.l(libinit2.o)
    0x08000216   0x08000216   0x00000000   Code   RO          507    .ARM.Collect$$libinit$$0000001D  c_w.l(libinit2.o)
    0x08000216   0x08000216   0x00000000   Code   RO          509    .ARM.Collect$$libinit$$0000001F  c_w.l(libinit2.o)
    0x08000216   0x08000216   0x00000000   Code   RO          511    .ARM.Collect$$libinit$$00000021  c_w.l(libinit2.o)
    0x08000216   0x08000216   0x00000000   Code   RO          513    .ARM.Collect$$libinit$$00000023  c_w.l(libinit2.o)
    0x08000216   0x08000216   0x00000000   Code   RO          515    .ARM.Collect$$libinit$$00000025  c_w.l(libinit2.o)
    0x08000216   0x08000216   0x00000004   Code   RO          516    .ARM.Collect$$libinit$$00000026  c_w.l(libinit2.o)
    0x0800021a   0x0800021a   0x00000000   Code   RO          517    .ARM.Collect$$libinit$$00000027  c_w.l(libinit2.o)
    0x0800021a   0x0800021a   0x00000000   Code   RO          521    .ARM.Collect$$libinit$$0000002E  c_w.l(libinit2.o)
    0x0800021a   0x0800021a   0x00000000   Code   RO          523    .ARM.Collect$$libinit$$00000030  c_w.l(libinit2.o)
    0x0800021a   0x0800021a   0x00000000   Code   RO          525    .ARM.Collect$$libinit$$00000032  c_w.l(libinit2.o)
    0x0800021a   0x0800021a   0x00000000   Code   RO          527    .ARM.Collect$$libinit$$00000034  c_w.l(libinit2.o)
    0x0800021a   0x0800021a   0x00000002   Code   RO          528    .ARM.Collect$$libinit$$00000035  c_w.l(libinit2.o)
    0x0800021c   0x0800021c   0x00000002   Code   RO          680    .ARM.Collect$$libshutdown$$00000000  c_w.l(libshutdown.o)
    0x0800021e   0x0800021e   0x00000000   Code   RO          530    .ARM.Collect$$libshutdown$$00000002  c_w.l(libshutdown2.o)
    0x0800021e   0x0800021e   0x00000004   Code   RO          531    .ARM.Collect$$libshutdown$$00000003  c_w.l(libshutdown2.o)
    0x08000222   0x08000222   0x00000000   Code   RO          532    .ARM.Collect$$libshutdown$$00000004  c_w.l(libshutdown2.o)
    0x08000222   0x08000222   0x00000000   Code   RO          535    .ARM.Collect$$libshutdown$$00000007  c_w.l(libshutdown2.o)
    0x08000222   0x08000222   0x00000000   Code   RO          538    .ARM.Collect$$libshutdown$$0000000A  c_w.l(libshutdown2.o)
    0x08000222   0x08000222   0x00000000   Code   RO          540    .ARM.Collect$$libshutdown$$0000000C  c_w.l(libshutdown2.o)
    0x08000222   0x08000222   0x00000000   Code   RO          543    .ARM.Collect$$libshutdown$$0000000F  c_w.l(libshutdown2.o)
    0x08000222   0x08000222   0x00000002   Code   RO          544    .ARM.Collect$$libshutdown$$00000010  c_w.l(libshutdown2.o)
    0x08000224   0x08000224   0x00000000   Code   RO          147    .ARM.Collect$$rtentry$$00000000  c_w.l(__rtentry.o)
    0x08000224   0x08000224   0x00000000   Code   RO          288    .ARM.Collect$$rtentry$$00000002  c_w.l(__rtentry2.o)
    0x08000224   0x08000224   0x00000006   Code   RO          300    .ARM.Collect$$rtentry$$00000004  c_w.l(__rtentry4.o)
    0x0800022a   0x0800022a   0x00000000   Code   RO          290    .ARM.Collect$$rtentry$$00000009  c_w.l(__rtentry2.o)
    0x0800022a   0x0800022a   0x00000004   Code   RO          291    .ARM.Collect$$rtentry$$0000000A  c_w.l(__rtentry2.o)
    0x0800022e   0x0800022e   0x00000000   Code   RO          293    .ARM.Collect$$rtentry$$0000000C  c_w.l(__rtentry2.o)
    0x0800022e   0x0800022e   0x00000008   Code   RO          294    .ARM.Collect$$rtentry$$0000000D  c_w.l(__rtentry2.o)
    0x08000236   0x08000236   0x00000002   Code   RO          551    .ARM.Collect$$rtexit$$00000000  c_w.l(rtexit.o)
    0x08000238   0x08000238   0x00000000   Code   RO          612    .ARM.Collect$$rtexit$$00000002  c_w.l(rtexit2.o)
    0x08000238   0x08000238   0x00000004   Code   RO          613    .ARM.Collect$$rtexit$$00000003  c_w.l(rtexit2.o)
    0x0800023c   0x0800023c   0x00000006   Code   RO          614    .ARM.Collect$$rtexit$$00000004  c_w.l(rtexit2.o)
    0x08000242   0x08000242   0x00000002   PAD
    0x08000244   0x08000244   0x00000040   Code   RO           90    .text               startup_stm32f10x_md.o
    0x08000284   0x08000284   0x00000018   Code   RO          115    .text               c_w.l(printf.o)
    0x0800029c   0x0800029c   0x0000008a   Code   RO          117    .text               c_w.l(rt_memcpy_v6.o)
    0x08000326   0x08000326   0x00000044   Code   RO          119    .text               c_w.l(rt_memclr.o)
    0x0800036a   0x0800036a   0x00000002   PAD
    0x0800036c   0x0800036c   0x00000080   Code   RO          121    .text               c_w.l(strcmpv7m.o)
    0x080003ec   0x080003ec   0x00000006   Code   RO          123    .text               c_w.l(heapauxi.o)
    0x080003f2   0x080003f2   0x00000016   Code   RO          148    .text               c_w.l(_rserrno.o)
    0x08000408   0x08000408   0x0000004e   Code   RO          152    .text               c_w.l(_printf_pad.o)
    0x08000456   0x08000456   0x00000024   Code   RO          154    .text               c_w.l(_printf_truncate.o)
    0x0800047a   0x0800047a   0x00000052   Code   RO          156    .text               c_w.l(_printf_str.o)
    0x080004cc   0x080004cc   0x00000078   Code   RO          158    .text               c_w.l(_printf_dec.o)
    0x08000544   0x08000544   0x00000028   Code   RO          160    .text               c_w.l(_printf_charcount.o)
    0x0800056c   0x0800056c   0x00000024   Code   RO          162    .text               c_w.l(_printf_char_file.o)
    0x08000590   0x08000590   0x000000bc   Code   RO          164    .text               c_w.l(_printf_wctomb.o)
    0x0800064c   0x0800064c   0x0000007c   Code   RO          167    .text               c_w.l(_printf_longlong_dec.o)
    0x080006c8   0x080006c8   0x00000070   Code   RO          173    .text               c_w.l(_printf_oct_int_ll.o)
    0x08000738   0x08000738   0x00000094   Code   RO          193    .text               c_w.l(_printf_hex_int_ll_ptr.o)
    0x080007cc   0x080007cc   0x00000188   Code   RO          213    .text               c_w.l(__printf_flags_ss_wp.o)
    0x08000954   0x08000954   0x00000064   Code   RO          245    .text               c_w.l(rt_memcpy_w.o)
    0x080009b8   0x080009b8   0x0000004e   Code   RO          247    .text               c_w.l(rt_memclr_w.o)
    0x08000a06   0x08000a06   0x00000002   PAD
    0x08000a08   0x08000a08   0x00000008   Code   RO          305    .text               c_w.l(rt_errno_addr_intlibspace.o)
    0x08000a10   0x08000a10   0x0000008a   Code   RO          307    .text               c_w.l(lludiv10.o)
    0x08000a9a   0x08000a9a   0x000000b2   Code   RO          309    .text               c_w.l(_printf_intcommon.o)
    0x08000b4c   0x08000b4c   0x0000041c   Code   RO          311    .text               c_w.l(_printf_fp_dec.o)
    0x08000f68   0x08000f68   0x000002fc   Code   RO          315    .text               c_w.l(_printf_fp_hex.o)
    0x08001264   0x08001264   0x00000030   Code   RO          318    .text               c_w.l(_printf_char_common.o)
    0x08001294   0x08001294   0x0000002c   Code   RO          320    .text               c_w.l(_printf_char.o)
    0x080012c0   0x080012c0   0x0000002c   Code   RO          322    .text               c_w.l(_printf_wchar.o)
    0x080012ec   0x080012ec   0x00000008   Code   RO          325    .text               c_w.l(ferror.o)
    0x080012f4   0x080012f4   0x00000138   Code   RO          331    .text               c_w.l(initio.o)
    0x0800142c   0x0800142c   0x00000048   Code   RO          339    .text               c_w.l(_c16rtomb.o)
    0x08001474   0x08001474   0x00000008   Code   RO          353    .text               c_w.l(libspace.o)
    0x0800147c   0x0800147c   0x0000004a   Code   RO          358    .text               c_w.l(sys_stackheap_outer.o)
    0x080014c6   0x080014c6   0x00000002   PAD
    0x080014c8   0x080014c8   0x00000010   Code   RO          360    .text               c_w.l(rt_ctype_table.o)
    0x080014d8   0x080014d8   0x00000008   Code   RO          365    .text               c_w.l(rt_locale_intlibspace.o)
    0x080014e0   0x080014e0   0x0000004e   Code   RO          369    .text               c_w.l(h1_free.o)
    0x0800152e   0x0800152e   0x00000002   PAD
    0x08001530   0x08001530   0x00000080   Code   RO          423    .text               c_w.l(_printf_fp_infnan.o)
    0x080015b0   0x080015b0   0x000000e4   Code   RO          427    .text               c_w.l(bigflt0.o)
    0x08001694   0x08001694   0x000001e2   Code   RO          454    .text               c_w.l(flsbuf.o)
    0x08001876   0x08001876   0x00000046   Code   RO          456    .text               c_w.l(setvbuf.o)
    0x080018bc   0x080018bc   0x000000f0   Code   RO          459    .text               c_w.l(fopen.o)
    0x080019ac   0x080019ac   0x0000004c   Code   RO          461    .text               c_w.l(fclose.o)
    0x080019f8   0x080019f8   0x00000012   Code   RO          470    .text               c_w.l(exit.o)
    0x08001a0a   0x08001a0a   0x0000000e   Code   RO          472    .text               c_w.l(defsig_rtred_outer.o)
    0x08001a18   0x08001a18   0x00000008   Code   RO          558    .text               c_w.l(rt_heap_descriptor_intlibspace.o)
    0x08001a20   0x08001a20   0x00000004   Code   RO          560    .text               c_w.l(hguard.o)
    0x08001a24   0x08001a24   0x0000008a   Code   RO          562    .text               c_w.l(init_alloc.o)
    0x08001aae   0x08001aae   0x0000005e   Code   RO          568    .text               c_w.l(h1_alloc.o)
    0x08001b0c   0x08001b0c   0x000000f8   Code   RO          584    .text               c_w.l(fseek.o)
    0x08001c04   0x08001c04   0x00000108   Code   RO          586    .text               c_w.l(stdio.o)
    0x08001d0c   0x08001d0c   0x0000000a   Code   RO          595    .text               c_w.l(defsig_exit.o)
    0x08001d16   0x08001d16   0x00000002   PAD
    0x08001d18   0x08001d18   0x00000034   Code   RO          597    .text               c_w.l(defsig_rtred_inner.o)
    0x08001d4c   0x08001d4c   0x0000000c   Code   RO          607    .text               c_w.l(sys_exit.o)
    0x08001d58   0x08001d58   0x00000000   Code   RO          618    .text               c_w.l(maybetermalloc1.o)
    0x08001d58   0x08001d58   0x0000000e   Code   RO          620    .text               c_w.l(h1_init.o)
    0x08001d66   0x08001d66   0x00000034   Code   RO          622    .text               c_w.l(h1_extend.o)
    0x08001d9a   0x08001d9a   0x00000042   Code   RO          634    .text               c_w.l(ftell.o)
    0x08001ddc   0x08001ddc   0x00000032   Code   RO          642    .text               c_w.l(defsig_general.o)
    0x08001e0e   0x08001e0e   0x0000000e   Code   RO          644    .text               c_w.l(defsig_rtmem_outer.o)
    0x08001e1c   0x08001e1c   0x0000000e   Code   RO          659    .text               c_w.l(sys_wrch.o)
    0x08001e2a   0x08001e2a   0x00000002   Code   RO          667    .text               c_w.l(use_no_semi.o)
    0x08001e2c   0x08001e2c   0x00000000   Code   RO          669    .text               c_w.l(indicate_semi.o)
    0x08001e2c   0x08001e2c   0x00000050   Code   RO          674    .text               c_w.l(defsig_rtmem_inner.o)
    0x08001e7c   0x08001e7c   0x00000058   Code   RO           18    .text.DMA1_Channel5_IRQHandler  appmain5.o
    0x08001ed4   0x08001ed4   0x0000005c   Code   RO           20    .text.DMA1_Channel7_IRQHandler  appmain5.o
    0x08001f30   0x08001f30   0x00000042   Code   RO           52    .text.ITM_SendChar  retarget_io.o
    0x08001f72   0x08001f72   0x00000002   PAD
    0x08001f74   0x08001f74   0x00000008   Code   RO           99    .text.SetSysClock   system_stm32f10x.o
    0x08001f7c   0x08001f7c   0x00000122   Code   RO          103    .text.SetSysClockTo72  system_stm32f10x.o
    0x0800209e   0x0800209e   0x00000002   PAD
    0x080020a0   0x080020a0   0x00000010   Code   RO           22    .text.SysTick_Handler  appmain5.o
    0x080020b0   0x080020b0   0x00000122   Code   RO          101    .text.SystemCoreClockUpdate  system_stm32f10x.o
    0x080021d2   0x080021d2   0x00000002   PAD
    0x080021d4   0x080021d4   0x00000066   Code   RO           97    .text.SystemInit    system_stm32f10x.o
    0x0800223a   0x0800223a   0x00000002   PAD
    0x0800223c   0x0800223c   0x00000002   Code   RO           16    .text.TIM2_IRQHandler  appmain5.o
    0x0800223e   0x0800223e   0x00000002   PAD
    0x08002240   0x08002240   0x00000074   Code   RO           10    .text._Z10init_timerP11TIM_TypeDef  appmain5.o
    0x080022b4   0x080022b4   0x00000054   Code   RO            6    .text._Z18DMA1_Channel5_Initv  appmain5.o
    0x08002308   0x08002308   0x00000054   Code   RO            8    .text._Z18DMA1_Channel7_Initv  appmain5.o
    0x0800235c   0x0800235c   0x000000b6   Code   RO            2    .text._Z4Mainv      appmain5.o
    0x08002412   0x08002412   0x00000002   PAD
    0x08002414   0x08002414   0x0000002e   Code   RO            4    .text._Z9GPIO_Initv  appmain5.o
    0x08002442   0x08002442   0x00000002   PAD
    0x08002444   0x08002444   0x00000052   Code   RO           39    .text._ZL14SysTick_Configj  main.o
    0x08002496   0x08002496   0x00000002   PAD
    0x08002498   0x08002498   0x00000030   Code   RO           14    .text._ZL16__NVIC_EnableIRQ4IRQn  appmain5.o
    0x080024c8   0x080024c8   0x00000042   Code   RO           41    .text._ZL18__NVIC_SetPriority4IRQnj  main.o
    0x0800250a   0x0800250a   0x00000002   PAD
    0x0800250c   0x0800250c   0x0000004a   Code   RO           58    .text._sys_close    retarget_io.o
    0x08002556   0x08002556   0x00000002   PAD
    0x08002558   0x08002558   0x0000004a   Code   RO           74    .text._sys_flen     retarget_io.o
    0x080025a2   0x080025a2   0x00000002   PAD
    0x080025a4   0x080025a4   0x00000048   Code   RO           70    .text._sys_istty    retarget_io.o
    0x080025ec   0x080025ec   0x00000084   Code   RO           56    .text._sys_open     retarget_io.o
    0x08002670   0x08002670   0x00000052   Code   RO           72    .text._sys_seek     retarget_io.o
    0x080026c2   0x080026c2   0x00000002   PAD
    0x080026c4   0x080026c4   0x00000098   Code   RO           60    .text._sys_write    retarget_io.o
    0x0800275c   0x0800275c   0x00000042   Code   RO           37    .text.main          main.o
    0x0800279e   0x0800279e   0x00000002   PAD
    0x080027a0   0x080027a0   0x00000010   Code   RO           64    .text.stderr_putchar  retarget_io.o
    0x080027b0   0x080027b0   0x00000010   Code   RO           62    .text.stdout_putchar  retarget_io.o
    0x080027c0   0x080027c0   0x0000003e   Code   RO          430    CL$$btod_d2e        c_w.l(btod.o)
    0x080027fe   0x080027fe   0x00000046   Code   RO          432    CL$$btod_d2e_denorm_low  c_w.l(btod.o)
    0x08002844   0x08002844   0x00000060   Code   RO          431    CL$$btod_d2e_norm_op1  c_w.l(btod.o)
    0x080028a4   0x080028a4   0x00000338   Code   RO          440    CL$$btod_div_common  c_w.l(btod.o)
    0x08002bdc   0x08002bdc   0x000000dc   Code   RO          437    CL$$btod_e2e        c_w.l(btod.o)
    0x08002cb8   0x08002cb8   0x0000002a   Code   RO          434    CL$$btod_ediv       c_w.l(btod.o)
    0x08002ce2   0x08002ce2   0x0000002a   Code   RO          433    CL$$btod_emul       c_w.l(btod.o)
    0x08002d0c   0x08002d0c   0x00000244   Code   RO          439    CL$$btod_mult_common  c_w.l(btod.o)
    0x08002f50   0x08002f50   0x00000028   Code   RO          349    i.__ARM_fpclassify  m_ws.l(fpclassify.o)
    0x08002f78   0x08002f78   0x00000388   Code   RO          279    i.__ieee754_rem_pio2  m_ws.l(rred.o)
    0x08003300   0x08003300   0x000000fc   Code   RO          262    i.__kernel_cos      m_ws.l(cos_i.o)
    0x080033fc   0x080033fc   0x000000aa   Code   RO          351    i.__kernel_poly     m_ws.l(poly.o)
    0x080034a6   0x080034a6   0x00000002   PAD
    0x080034a8   0x080034a8   0x000000ec   Code   RO          284    i.__kernel_sin      m_ws.l(sin_i.o)
    0x08003594   0x08003594   0x00000006   Code   RO          266    i.__mathlib_dbl_infnan  m_ws.l(dunder.o)
    0x0800359a   0x0800359a   0x0000000c   Code   RO          268    i.__mathlib_dbl_invalid  m_ws.l(dunder.o)
    0x080035a6   0x080035a6   0x00000002   PAD
    0x080035a8   0x080035a8   0x00000010   Code   RO          271    i.__mathlib_dbl_underflow  m_ws.l(dunder.o)
    0x080035b8   0x080035b8   0x0000000e   Code   RO          206    i._is_digit         c_w.l(__printf_wp.o)
    0x080035c6   0x080035c6   0x0000001c   Code   RO          328    i.fputc             c_w.l(fputc.o)
    0x080035e2   0x080035e2   0x00000002   PAD
    0x080035e4   0x080035e4   0x000000a0   Code   RO          144    i.sin               m_ws.l(sin.o)
    0x08003684   0x08003684   0x0000002c   Code   RO          468    locale$$code        c_w.l(lc_numeric_c.o)
    0x080036b0   0x080036b0   0x0000002c   Code   RO          593    locale$$code        c_w.l(lc_ctype_c.o)
    0x080036dc   0x080036dc   0x00000150   Code   RO          341    x$fpl$dadd          fz_ws.l(daddsub_clz.o)
    0x0800382c   0x0800382c   0x00000010   Code   RO          547    x$fpl$dcheck1       fz_ws.l(dcheck1.o)
    0x0800383c   0x0800383c   0x000002b4   Code   RO          128    x$fpl$ddiv          fz_ws.l(ddiv.o)
    0x08003af0   0x08003af0   0x0000005e   Code   RO          131    x$fpl$dfix          fz_ws.l(dfix.o)
    0x08003b4e   0x08003b4e   0x0000002e   Code   RO          136    x$fpl$dflt          fz_ws.l(dflt_clz.o)
    0x08003b7c   0x08003b7c   0x00000026   Code   RO          135    x$fpl$dfltu         fz_ws.l(dflt_clz.o)
    0x08003ba2   0x08003ba2   0x00000002   PAD
    0x08003ba4   0x08003ba4   0x00000154   Code   RO          141    x$fpl$dmul          fz_ws.l(dmul.o)
    0x08003cf8   0x08003cf8   0x0000009c   Code   RO          249    x$fpl$dnaninf       fz_ws.l(dnaninf.o)
    0x08003d94   0x08003d94   0x0000000c   Code   RO          251    x$fpl$dretinf       fz_ws.l(dretinf.o)
    0x08003da0   0x08003da0   0x00000016   Code   RO          342    x$fpl$drsb          fz_ws.l(daddsub_clz.o)
    0x08003db6   0x08003db6   0x00000002   PAD
    0x08003db8   0x08003db8   0x000001dc   Code   RO          343    x$fpl$dsub          fz_ws.l(daddsub_clz.o)
    0x08003f94   0x08003f94   0x00000004   Code   RO          253    x$fpl$printf1       fz_ws.l(printf1.o)
    0x08003f98   0x08003f98   0x00000004   Code   RO          255    x$fpl$printf2       fz_ws.l(printf2.o)
    0x08003f9c   0x08003f9c   0x00000064   Code   RO          605    x$fpl$retnan        fz_ws.l(retnan.o)
    0x08004000   0x08004000   0x0000005c   Code   RO          347    x$fpl$scalbn        fz_ws.l(scalbn.o)
    0x0800405c   0x0800405c   0x00000030   Code   RO          657    x$fpl$trapveneer    fz_ws.l(trapv.o)
    0x0800408c   0x0800408c   0x00000000   Code   RO          261    x$fpl$usenofp       fz_ws.l(usenofp.o)
    0x0800408c   0x0800408c   0x00000008   Data   RO          165    .constdata          c_w.l(_printf_wctomb.o)
    0x08004094   0x08004094   0x00000028   Data   RO          194    .constdata          c_w.l(_printf_hex_int_ll_ptr.o)
    0x080040bc   0x080040bc   0x00000011   Data   RO          214    .constdata          c_w.l(__printf_flags_ss_wp.o)
    0x080040cd   0x080040cd   0x00000003   PAD
    0x080040d0   0x080040d0   0x00000030   Data   RO          263    .constdata          m_ws.l(cos_i.o)
    0x08004100   0x08004100   0x000000cc   Data   RO          281    .constdata          m_ws.l(rred.o)
    0x080041cc   0x080041cc   0x00000004   PAD
    0x080041d0   0x080041d0   0x00000028   Data   RO          285    .constdata          m_ws.l(sin_i.o)
    0x080041f8   0x080041f8   0x00000026   Data   RO          316    .constdata          c_w.l(_printf_fp_hex.o)
    0x0800421e   0x0800421e   0x00000002   PAD
    0x08004220   0x08004220   0x00000094   Data   RO          428    .constdata          c_w.l(bigflt0.o)
    0x080042b4   0x080042b4   0x00000010   Data   RO          106    .rodata.AHBPrescTable  system_stm32f10x.o
    0x080042c4   0x080042c4   0x00000008   Data   RO           79    .rodata.__stderr_name  retarget_io.o
    0x080042cc   0x080042cc   0x00000007   Data   RO           77    .rodata.__stdin_name  retarget_io.o
    0x080042d3   0x080042d3   0x00000008   Data   RO           78    .rodata.__stdout_name  retarget_io.o
    0x080042db   0x080042db   0x00000017   Data   RO           43    .rodata.str1.1      main.o
    0x080042f2   0x080042f2   0x00000017   Data   RO           80    .rodata.str1.1      retarget_io.o
    0x08004309   0x08004309   0x00000003   PAD
    0x0800430c   0x0800430c   0x00000020   Data   RO          700    Region$$Table       anon$$obj.o
    0x0800432c   0x0800432c   0x0000001c   Data   RO          467    locale$$data        c_w.l(lc_numeric_c.o)
    0x08004348   0x08004348   0x00000110   Data   RO          592    locale$$data        c_w.l(lc_ctype_c.o)


    Execution Region RW_IRAM1 (Exec base: 0x20000000, Load base: 0x08004458, Size: 0x00000db0, Max: 0x00005000, ABSOLUTE)

    Exec Addr    Load Addr    Size         Type   Attr      Idx    E Section Name        Object

    0x20000000   0x08004458   0x00000004   Data   RW          242    .data               c_w.l(stdio_streams.o)
    0x20000004   0x0800445c   0x00000004   Data   RW          243    .data               c_w.l(stdio_streams.o)
    0x20000008   0x08004460   0x00000004   Data   RW          244    .data               c_w.l(stdio_streams.o)
    0x2000000c   0x08004464   0x00000004   Data   RW          105    .data.SystemCoreClock  system_stm32f10x.o
    0x20000010        -       0x00000054   Zero   RW          239    .bss                c_w.l(stdio_streams.o)
    0x20000064        -       0x00000054   Zero   RW          240    .bss                c_w.l(stdio_streams.o)
    0x200000b8        -       0x00000054   Zero   RW          241    .bss                c_w.l(stdio_streams.o)
    0x2000010c        -       0x00000060   Zero   RW          354    .bss                c_w.l(libspace.o)
    0x2000016c        -       0x000004b0   Zero   RW           25    .bss.OutputTable    appmain5.o
    0x2000061c        -       0x00000190   Zero   RW           24    .bss.SineTable      appmain5.o
    0x200007ac        -       0x00000004   Zero   RW           29    .bss.systick        appmain5.o
    0x200007b0        -       0x00000200   Zero   RW           88    HEAP                startup_stm32f10x_md.o
    0x200009b0        -       0x00000400   Zero   RW           87    STACK               startup_stm32f10x_md.o


==============================================================================

Image component sizes


      Code (inc. data)   RO Data    RW Data    ZI Data      Debug   Object Name

       758          0          0          0       1604      21825   appmain5.o
       214          0         23          0          0       7508   main.o
       684          0         46          0          0       3358   retarget_io.o
        64         26        236          0       1536        856   startup_stm32f10x_md.o
       690          0         16          4          0       2883   system_stm32f10x.o

    ----------------------------------------------------------------------
      2436         26        356          4       3140      36430   Object Totals
         0          0         32          0          0          0   (incl. Generated)
        26          0          3          0          0          0   (incl. Padding)

    ----------------------------------------------------------------------

      Code (inc. data)   RO Data    RW Data    ZI Data      Debug   Library Member Name

         8          0          0          0          0         68   __main.o
       392          4         17          0          0         92   __printf_flags_ss_wp.o
        14          0          0          0          0         68   __printf_wp.o
         0          0          0          0          0          0   __rtentry.o
        12          0          0          0          0          0   __rtentry2.o
         6          0          0          0          0          0   __rtentry4.o
        52          8          0          0          0          0   __scatter.o
        26          0          0          0          0          0   __scatter_copy.o
        28          0          0          0          0          0   __scatter_zi.o
        72          0          0          0          0         96   _c16rtomb.o
         6          0          0          0          0          0   _printf_a.o
         6          0          0          0          0          0   _printf_c.o
        44          0          0          0          0        108   _printf_char.o
        48          6          0          0          0         96   _printf_char_common.o
        36          4          0          0          0         80   _printf_char_file.o
        40          0          0          0          0         68   _printf_charcount.o
         6          0          0          0          0          0   _printf_d.o
       120         16          0          0          0         92   _printf_dec.o
         6          0          0          0          0          0   _printf_e.o
         6          0          0          0          0          0   _printf_f.o
      1052          0          0          0          0        148   _printf_fp_dec.o
       764          8         38          0          0        100   _printf_fp_hex.o
       128         16          0          0          0         84   _printf_fp_infnan.o
         6          0          0          0          0          0   _printf_g.o
       148          4         40          0          0        160   _printf_hex_int_ll_ptr.o
         6          0          0          0          0          0   _printf_i.o
       178          0          0          0          0         88   _printf_intcommon.o
        10          0          0          0          0          0   _printf_l.o
         6          0          0          0          0          0   _printf_lc.o
        10          0          0          0          0          0   _printf_ll.o
         6          0          0          0          0          0   _printf_lld.o
         6          0          0          0          0          0   _printf_lli.o
         6          0          0          0          0          0   _printf_llo.o
         6          0          0          0          0          0   _printf_llu.o
         6          0          0          0          0          0   _printf_llx.o
       124         16          0          0          0         92   _printf_longlong_dec.o
         6          0          0          0          0          0   _printf_ls.o
         6          0          0          0          0          0   _printf_n.o
         6          0          0          0          0          0   _printf_o.o
       112          8          0          0          0        124   _printf_oct_int_ll.o
         6          0          0          0          0          0   _printf_p.o
        78          0          0          0          0        108   _printf_pad.o
         0          0          0          0          0          0   _printf_percent.o
         4          0          0          0          0          0   _printf_percent_end.o
         6          0          0          0          0          0   _printf_s.o
        82          0          0          0          0         80   _printf_str.o
        36          0          0          0          0         84   _printf_truncate.o
         6          0          0          0          0          0   _printf_u.o
        44          0          0          0          0        108   _printf_wchar.o
       188          6          8          0          0         92   _printf_wctomb.o
         6          0          0          0          0          0   _printf_x.o
        22          0          0          0          0        100   _rserrno.o
       228          4        148          0          0         96   bigflt0.o
      1936        128          0          0          0        668   btod.o
        10          0          0          0          0         68   defsig_exit.o
        50          0          0          0          0         88   defsig_general.o
        80         58          0          0          0         76   defsig_rtmem_inner.o
        14          0          0          0          0         80   defsig_rtmem_outer.o
        52         38          0          0          0         76   defsig_rtred_inner.o
        14          0          0          0          0         80   defsig_rtred_outer.o
        18          0          0          0          0         80   exit.o
        76          0          0          0          0         88   fclose.o
         8          0          0          0          0         68   ferror.o
       482          0          0          0          0         92   flsbuf.o
       240          6          0          0          0        128   fopen.o
        28          0          0          0          0         68   fputc.o
       248          6          0          0          0         84   fseek.o
        66          0          0          0          0         76   ftell.o
        94          0          0          0          0         80   h1_alloc.o
        52          0          0          0          0         68   h1_extend.o
        78          0          0          0          0         80   h1_free.o
        14          0          0          0          0         84   h1_init.o
         6          0          0          0          0        152   heapauxi.o
         4          0          0          0          0        136   hguard.o
         0          0          0          0          0          0   indicate_semi.o
       138          0          0          0          0        168   init_alloc.o
       312         46          0          0          0        112   initio.o
        44         10        272          0          0         76   lc_ctype_c.o
        44         10         28          0          0         76   lc_numeric_c.o
         2          0          0          0          0          0   libinit.o
        42          0          0          0          0          0   libinit2.o
         2          0          0          0          0          0   libshutdown.o
         6          0          0          0          0          0   libshutdown2.o
         8          4          0          0         96         68   libspace.o
       138          0          0          0          0         80   lludiv10.o
         0          0          0          0          0          0   maybetermalloc1.o
        24          4          0          0          0         84   printf.o
        16          4          0          0          0         76   rt_ctype_table.o
         8          4          0          0          0         68   rt_errno_addr_intlibspace.o
         8          4          0          0          0         68   rt_heap_descriptor_intlibspace.o
         8          4          0          0          0         68   rt_locale_intlibspace.o
        68          0          0          0          0         68   rt_memclr.o
        78          0          0          0          0         80   rt_memclr_w.o
       138          0          0          0          0         68   rt_memcpy_v6.o
       100          0          0          0          0         80   rt_memcpy_w.o
         2          0          0          0          0          0   rtexit.o
        10          0          0          0          0          0   rtexit2.o
        70          0          0          0          0         80   setvbuf.o
       264          6          0          0          0        160   stdio.o
         0          0          0         12        252          0   stdio_streams.o
       128          0          0          0          0         68   strcmpv7m.o
        12          4          0          0          0         68   sys_exit.o
        74          0          0          0          0         80   sys_stackheap_outer.o
        14          0          0          0          0         76   sys_wrch.o
         2          0          0          0          0         68   use_no_semi.o
       834         16          0          0          0        372   daddsub_clz.o
        16          4          0          0          0         68   dcheck1.o
       692        140          0          0          0        216   ddiv.o
        94          4          0          0          0         92   dfix.o
        84          0          0          0          0        136   dflt_clz.o
       340         12          0          0          0        104   dmul.o
       156          4          0          0          0         92   dnaninf.o
        12          0          0          0          0         68   dretinf.o
         4          0          0          0          0         68   printf1.o
         4          0          0          0          0         68   printf2.o
       100          0          0          0          0         68   retnan.o
        92          0          0          0          0         68   scalbn.o
        48          0          0          0          0         68   trapv.o
         0          0          0          0          0          0   usenofp.o
       252         22         48          0          0        124   cos_i.o
        34          6          0          0          0        204   dunder.o
        40          0          0          0          0         68   fpclassify.o
       170          0          0          0          0         96   poly.o
       904         76        204          0          0        140   rred.o
       160         10          0          0          0        108   sin.o
       236         12         40          0          0        128   sin_i.o

    ----------------------------------------------------------------------
     13852        742        852         12        348       8848   Library Totals
        24          0          9          0          0          0   (incl. Padding)

    ----------------------------------------------------------------------

      Code (inc. data)   RO Data    RW Data    ZI Data      Debug   Library Name

      9556        436        551         12        348       6492   c_w.l
      2476        180          0          0          0       1488   fz_ws.l
      1796        126        292          0          0        868   m_ws.l

    ----------------------------------------------------------------------
     13852        742        852         12        348       8848   Library Totals

    ----------------------------------------------------------------------

==============================================================================


      Code (inc. data)   RO Data    RW Data    ZI Data      Debug   

     16288        768       1208         16       3488      40326   Grand Totals
     16288        768       1208         16       3488      40326   ELF Image Totals
     16288        768       1208         16          0          0   ROM Totals

==============================================================================

    Total RO  Size (Code + RO Data)                17496 (  17.09kB)
    Total RW  Size (RW Data + ZI Data)              3504 (   3.42kB)
    Total ROM Size (Code + RO Data + RW Data)      17512 (  17.10kB)

==============================================================================

